Component: ARM Compiler 5.06 update 7 (build 960) Tool: armlink [4d3601]

==============================================================================

Section Cross References

    startup_stm32f103xb.o(RESET) refers to startup_stm32f103xb.o(STACK) for __initial_sp
    startup_stm32f103xb.o(RESET) refers to startup_stm32f103xb.o(.text) for Reset_Handler
    startup_stm32f103xb.o(RESET) refers to stm32f1xx_it.o(i.NMI_Handler) for NMI_Handler
    startup_stm32f103xb.o(RESET) refers to stm32f1xx_it.o(i.HardFault_Handler) for HardFault_Handler
    startup_stm32f103xb.o(RESET) refers to stm32f1xx_it.o(i.MemManage_Handler) for MemManage_Handler
    startup_stm32f103xb.o(RESET) refers to stm32f1xx_it.o(i.BusFault_Handler) for BusFault_Handler
    startup_stm32f103xb.o(RESET) refers to stm32f1xx_it.o(i.UsageFault_Handler) for UsageFault_Handler
    startup_stm32f103xb.o(RESET) refers to stm32f1xx_it.o(i.SVC_Handler) for SVC_Handler
    startup_stm32f103xb.o(RESET) refers to stm32f1xx_it.o(i.DebugMon_Handler) for DebugMon_Handler
    startup_stm32f103xb.o(RESET) refers to stm32f1xx_it.o(i.PendSV_Handler) for PendSV_Handler
    startup_stm32f103xb.o(RESET) refers to stm32f1xx_it.o(i.SysTick_Handler) for SysTick_Handler
    startup_stm32f103xb.o(RESET) refers to stm32f1xx_it.o(i.DMA1_Channel5_IRQHandler) for DMA1_Channel5_IRQHandler
    startup_stm32f103xb.o(RESET) refers to stm32f1xx_it.o(i.DMA1_Channel6_IRQHandler) for DMA1_Channel6_IRQHandler
    startup_stm32f103xb.o(RESET) refers to stm32f1xx_it.o(i.TIM1_BRK_IRQHandler) for TIM1_BRK_IRQHandler
    startup_stm32f103xb.o(RESET) refers to stm32f1xx_it.o(i.TIM1_UP_IRQHandler) for TIM1_UP_IRQHandler
    startup_stm32f103xb.o(RESET) refers to stm32f1xx_it.o(i.TIM1_TRG_COM_IRQHandler) for TIM1_TRG_COM_IRQHandler
    startup_stm32f103xb.o(RESET) refers to stm32f1xx_it.o(i.TIM1_CC_IRQHandler) for TIM1_CC_IRQHandler
    startup_stm32f103xb.o(RESET) refers to stm32f1xx_it.o(i.TIM2_IRQHandler) for TIM2_IRQHandler
    startup_stm32f103xb.o(RESET) refers to stm32f1xx_it.o(i.TIM3_IRQHandler) for TIM3_IRQHandler
    startup_stm32f103xb.o(RESET) refers to stm32f1xx_it.o(i.USART1_IRQHandler) for USART1_IRQHandler
    startup_stm32f103xb.o(RESET) refers to stm32f1xx_it.o(i.USART2_IRQHandler) for USART2_IRQHandler
    startup_stm32f103xb.o(.text) refers to system_stm32f1xx.o(i.SystemInit) for SystemInit
    startup_stm32f103xb.o(.text) refers to entry.o(.ARM.Collect$$$$00000000) for __main
    application.o(i.Acknowledge) refers to application.o(.bss) for Tag
    application.o(i.Alarm_Trip_Config) refers to application.o(.bss) for Tag
    application.o(i.Application) refers to input_scan.o(i.Input_Scan) for Input_Scan
    application.o(i.Application) refers to application.o(i.Event_Handler) for Event_Handler
    application.o(i.Application) refers to application.o(i.Acknowledge) for Acknowledge
    application.o(i.Application) refers to application.o(i.Reset) for Reset
    application.o(i.Application) refers to application.o(i.Mute) for Mute
    application.o(i.Application) refers to dgus.o(i.DGUS_Check_Msg) for DGUS_Check_Msg
    application.o(i.Application) refers to dgus.o(i.Get_Variable) for Get_Variable
    application.o(i.Application) refers to application.o(i.Test) for Test
    application.o(i.Application) refers to application.o(i.Password_Verification) for Password_Verification
    application.o(i.Application) refers to application.o(i.Alarm_Trip_Config) for Alarm_Trip_Config
    application.o(i.Application) refers to dgus.o(i.Get_Text) for Get_Text
    application.o(i.Application) refers to flash.o(i.Flash_Save_Data) for Flash_Save_Data
    application.o(i.Application) refers to application.o(i.RTC_Loop) for RTC_Loop
    application.o(i.Application) refers to dgus.o(i.HMI_Status) for HMI_Status
    application.o(i.Application) refers to dgus.o(i.Alarm_On) for Alarm_On
    application.o(i.Application) refers to application.o(.data) for State
    application.o(i.Application) refers to application.o(.bss) for Target_Tag
    application.o(i.Application_Init) refers to dgus.o(i.DGUS_Initialization) for DGUS_Initialization
    application.o(i.Application_Init) refers to stm32f1xx_hal_tim.o(i.HAL_TIM_Base_Start_IT) for HAL_TIM_Base_Start_IT
    application.o(i.Application_Init) refers to stm32f1xx_hal_uart.o(i.HAL_UART_Receive_DMA) for HAL_UART_Receive_DMA
    application.o(i.Application_Init) refers to stm32f1xx_hal_uart.o(i.HAL_UART_Transmit_IT) for HAL_UART_Transmit_IT
    application.o(i.Application_Init) refers to stm32f1xx_hal_uart.o(i.HAL_UART_Transmit) for HAL_UART_Transmit
    application.o(i.Application_Init) refers to tim.o(.bss) for htim1
    application.o(i.Application_Init) refers to application.o(.data) for Recieve_Esp
    application.o(i.Application_Init) refers to usart.o(.bss) for huart2
    application.o(i.Application_Init) refers to application.o(.bss) for Tag
    application.o(i.Debug_M) refers to flash.o(i.Flash_Save_Data) for Flash_Save_Data
[...]
    ..\Src\DGUS\HMI\HMI.c                    0x00000000   Number         0  hmi.o ABSOLUTE
    ..\Src\Flash Memory\Flash\Flash.c        0x00000000   Number         0  flash.o ABSOLUTE
    ..\Src\Input_Scan\Input_Scan.c           0x00000000   Number         0  input_scan.o ABSOLUTE
    ..\Src\RTC\RTC.c                         0x00000000   Number         0  rtc.o ABSOLUTE
    ..\Src\dma.c                             0x00000000   Number         0  dma.o ABSOLUTE
    ..\Src\gpio.c                            0x00000000   Number         0  gpio.o ABSOLUTE
    ..\Src\i2c.c                             0x00000000   Number         0  i2c.o ABSOLUTE
    ..\Src\main.c                            0x00000000   Number         0  main.o ABSOLUTE
    ..\Src\rtc.c                             0x00000000   Number         0  rtc_1.o ABSOLUTE
    ..\Src\stm32f1xx_hal_msp.c               0x00000000   Number         0  stm32f1xx_hal_msp.o ABSOLUTE
    ..\Src\stm32f1xx_it.c                    0x00000000   Number         0  stm32f1xx_it.o ABSOLUTE
    ..\Src\system_stm32f1xx.c                0x00000000   Number         0  system_stm32f1xx.o ABSOLUTE
    ..\Src\tim.c                             0x00000000   Number         0  tim.o ABSOLUTE
    ..\Src\usart.c                           0x00000000   Number         0  usart.o ABSOLUTE
    ..\\Src\\Application\\Application.c      0x00000000   Number         0  application.o ABSOLUTE
    ..\\Src\\DGUS\\DGUS.c                    0x00000000   Number         0  dgus.o ABSOLUTE
    ..\\Src\\DGUS\\HMI\\HMI.c                0x00000000   Number         0  hmi.o ABSOLUTE
    ..\\Src\\Flash Memory\\Flash\\Flash.c    0x00000000   Number         0  flash.o ABSOLUTE
    ..\\Src\\Input_Scan\\Input_Scan.c        0x00000000   Number         0  input_scan.o ABSOLUTE
    ..\\Src\\RTC\\RTC.c                      0x00000000   Number         0  rtc.o ABSOLUTE
    Drivers\STM32F1xx_HAL_Driver\Src\stm32f1xx_hal.c 0x00000000   Number         0  stm32f1xx_hal.o ABSOLUTE
    Drivers\STM32F1xx_HAL_Driver\Src\stm32f1xx_hal_cortex.c 0x00000000   Number         0  stm32f1xx_hal_cortex.o ABSOLUTE
    Drivers\STM32F1xx_HAL_Driver\Src\stm32f1xx_hal_crc.c 0x00000000   Number         0  stm32f1xx_hal_crc.o ABSOLUTE
    Drivers\STM32F1xx_HAL_Driver\Src\stm32f1xx_hal_dma.c 0x00000000   Number         0  stm32f1xx_hal_dma.o ABSOLUTE
    Drivers\STM32F1xx_HAL_Driver\Src\stm32f1xx_hal_flash.c 0x00000000   Number         0  stm32f1xx_hal_flash.o ABSOLUTE
    Drivers\STM32F1xx_HAL_Driver\Src\stm32f1xx_hal_flash_ex.c 0x00000000   Number         0  stm32f1xx_hal_flash_ex.o ABSOLUTE
    Drivers\STM32F1xx_HAL_Driver\Src\stm32f1xx_hal_gpio.c 0x00000000   Number         0  stm32f1xx_hal_gpio.o ABSOLUTE
    Drivers\STM32F1xx_HAL_Driver\Src\stm32f1xx_hal_gpio_ex.c 0x00000000   Number         0  stm32f1xx_hal_gpio_ex.o ABSOLUTE
    Drivers\STM32F1xx_HAL_Driver\Src\stm32f1xx_hal_i2c.c 0x00000000   Number         0  stm32f1xx_hal_i2c.o ABSOLUTE
    Drivers\STM32F1xx_HAL_Driver\Src\stm32f1xx_hal_pwr.c 0x00000000   Number         0  stm32f1xx_hal_pwr.o ABSOLUTE
    Drivers\STM32F1xx_HAL_Driver\Src\stm32f1xx_hal_rcc.c 0x00000000   Number         0  stm32f1xx_hal_rcc.o ABSOLUTE
    Drivers\STM32F1xx_HAL_Driver\Src\stm32f1xx_hal_rcc_ex.c 0x00000000   Number         0  stm32f1xx_hal_rcc_ex.o ABSOLUTE
    Drivers\STM32F1xx_HAL_Driver\Src\stm32f1xx_hal_rtc.c 0x00000000   Number         0  stm32f1xx_hal_rtc.o ABSOLUTE
    Drivers\STM32F1xx_HAL_Driver\Src\stm32f1xx_hal_rtc_ex.c 0x00000000   Number         0  stm32f1xx_hal_rtc_ex.o ABSOLUTE
    Drivers\STM32F1xx_HAL_Driver\Src\stm32f1xx_hal_tim.c 0x00000000   Number         0  stm32f1xx_hal_tim.o ABSOLUTE
    Drivers\STM32F1xx_HAL_Driver\Src\stm32f1xx_hal_tim_ex.c 0x00000000   Number         0  stm32f1xx_hal_tim_ex.o ABSOLUTE
    Drivers\STM32F1xx_HAL_Driver\Src\stm32f1xx_hal_uart.c 0x00000000   Number         0  stm32f1xx_hal_uart.o ABSOLUTE
    Drivers\\STM32F1xx_HAL_Driver\\Src\\stm32f1xx_hal.c 0x00000000   Number         0  stm32f1xx_hal.o ABSOLUTE
    Drivers\\STM32F1xx_HAL_Driver\\Src\\stm32f1xx_hal_cortex.c 0x00000000   Number         0  stm32f1xx_hal_cortex.o ABSOLUTE
    Drivers\\STM32F1xx_HAL_Driver\\Src\\stm32f1xx_hal_crc.c 0x00000000   Number         0  stm32f1xx_hal_crc.o ABSOLUTE
    Drivers\\STM32F1xx_HAL_Driver\\Src\\stm32f1xx_hal_dma.c 0x00000000   Number         0  stm32f1xx_hal_dma.o ABSOLUTE
    Drivers\\STM32F1xx_HAL_Driver\\Src\\stm32f1xx_hal_flash.c 0x00000000   Number         0  stm32f1xx_hal_flash.o ABSOLUTE
    Drivers\\STM32F1xx_HAL_Driver\\Src\\stm32f1xx_hal_flash_ex.c 0x00000000   Number         0  stm32f1xx_hal_flash_ex.o ABSOLUTE
    Drivers\\STM32F1xx_HAL_Driver\\Src\\stm32f1xx_hal_gpio.c 0x00000000   Number         0  stm32f1xx_hal_gpio.o ABSOLUTE
    Drivers\\STM32F1xx_HAL_Driver\\Src\\stm32f1xx_hal_gpio_ex.c 0x00000000   Number         0  stm32f1xx_hal_gpio_ex.o ABSOLUTE
    Drivers\\STM32F1xx_HAL_Driver\\Src\\stm32f1xx_hal_i2c.c 0x00000000   Number         0  stm32f1xx_hal_i2c.o ABSOLUTE
    Drivers\\STM32F1xx_HAL_Driver\\Src\\stm32f1xx_hal_pwr.c 0x00000000   Number         0  stm32f1xx_hal_pwr.o ABSOLUTE
    Drivers\\STM32F1xx_HAL_Driver\\Src\\stm32f1xx_hal_rcc.c 0x00000000   Number         0  stm32f1xx_hal_rcc.o ABSOLUTE
    Drivers\\STM32F1xx_HAL_Driver\\Src\\stm32f1xx_hal_rcc_ex.c 0x00000000   Number         0  stm32f1xx_hal_rcc_ex.o ABSOLUTE
    Drivers\\STM32F1xx_HAL_Driver\\Src\\stm32f1xx_hal_rtc.c 0x00000000   Number         0  stm32f1xx_hal_rtc.o ABSOLUTE
    Drivers\\STM32F1xx_HAL_Driver\\Src\\stm32f1xx_hal_rtc_ex.c 0x00000000   Number         0  stm32f1xx_hal_rtc_ex.o ABSOLUTE
    Drivers\\STM32F1xx_HAL_Driver\\Src\\stm32f1xx_hal_tim.c 0x00000000   Number         0  stm32f1xx_hal_tim.o ABSOLUTE
    Drivers\\STM32F1xx_HAL_Driver\\Src\\stm32f1xx_hal_tim_ex.c 0x00000000   Number         0  stm32f1xx_hal_tim_ex.o ABSOLUTE
    Drivers\\STM32F1xx_HAL_Driver\\Src\\stm32f1xx_hal_uart.c 0x00000000   Number         0  stm32f1xx_hal_uart.o ABSOLUTE
    dc.s                                     0x00000000   Number         0  dc.o ABSOLUTE
    handlers.s                               0x00000000   Number         0  handlers.o ABSOLUTE
    init.s                                   0x00000000   Number         0  init.o ABSOLUTE
    startup_stm32f103xb.s                    0x00000000   Number         0  startup_stm32f103xb.o ABSOLUTE
    RESET                                    0x08000000   Section      236  startup_stm32f103xb.o(RESET)
    .ARM.Collect$$$$00000000                 0x080000ec   Section        0  entry.o(.ARM.Collect$$$$00000000)
    .ARM.Collect$$$$00000001                 0x080000ec   Section        4  entry2.o(.ARM.Collect$$$$00000001)
    .ARM.Collect$$$$00000004                 0x080000f0   Section        4  entry5.o(.ARM.Collect$$$$00000004)
    .ARM.Collect$$$$00000008                 0x080000f4   Section        0  entry7b.o(.ARM.Collect$$$$00000008)
    .ARM.Collect$$$$0000000A                 0x080000f4   Section        0  entry8b.o(.ARM.Collect$$$$0000000A)
    .ARM.Collect$$$$0000000B                 0x080000f4   Section        8  entry9a.o(.ARM.Collect$$$$0000000B)
    .ARM.Collect$$$$0000000E                 0x080000fc   Section        4  entry12b.o(.ARM.Collect$$$$0000000E)
    .ARM.Collect$$$$0000000F                 0x08000100   Section        0  entry10a.o(.ARM.Collect$$$$0000000F)
    .ARM.Collect$$$$00000011                 0x08000100   Section        0  entry11a.o(.ARM.Collect$$$$00000011)
    .ARM.Collect$$$$00002712                 0x08000100   Section        4  entry2.o(.ARM.Collect$$$$00002712)
    __lit__00000000                          0x08000100   Data           4  entry2.o(.ARM.Collect$$$$00002712)
    .text                                    0x08000104   Section       36  startup_stm32f103xb.o(.text)
    .text                                    0x08000128   Section        0  llushr.o(.text)
    .text                                    0x08000148   Section        0  memseta.o(.text)
    .text                                    0x0800016c   Section       36  init.o(.text)
    .text                                    0x08000190   Section        0  __dczerorl2.o(.text)
    i.Acknowledge                            0x080001e8   Section        0  application.o(i.Acknowledge)
    i.Alarm_On                               0x08000214   Section        0  dgus.o(i.Alarm_On)
    i.Alarm_Trip_Config                      0x08000220   Section        0  application.o(i.Alarm_Trip_Config)
    i.Application                            0x08000260   Section        0  application.o(i.Application)
    i.Application_Init                       0x08000598   Section        0  application.o(i.Application_Init)
    i.BusFault_Handler                       0x0800061c   Section        0  stm32f1xx_it.o(i.BusFault_Handler)
    i.CLK_Input                              0x08000620   Section        0  input_scan.o(i.CLK_Input)
    i.Check                                  0x08000644   Section        0  input_scan.o(i.Check)
    i.DGUS_Beep                              0x080007cc   Section        0  hmi.o(i.DGUS_Beep)
    i.DGUS_Check_Msg                         0x08000820   Section        0  dgus.o(i.DGUS_Check_Msg)
    i.DGUS_Initialization                    0x080008e0   Section        0  dgus.o(i.DGUS_Initialization)
    i.DGUS_Page_Switch                       0x080008f0   Section        0  hmi.o(i.DGUS_Page_Switch)
    i.DGUS_RTC                               0x08000988   Section        0  dgus.o(i.DGUS_RTC)
    i.DGUS_SendVal                           0x080009d0   Section        0  hmi.o(i.DGUS_SendVal)
    i.DMA1_Channel5_IRQHandler               0x08000a38   Section        0  stm32f1xx_it.o(i.DMA1_Channel5_IRQHandler)
    i.DMA1_Channel6_IRQHandler               0x08000a48   Section        0  stm32f1xx_it.o(i.DMA1_Channel6_IRQHandler)
    i.DMA_SetConfig                          0x08000a58   Section        0  stm32f1xx_hal_dma.o(i.DMA_SetConfig)
    DMA_SetConfig                            0x08000a59   Thumb Code    44  stm32f1xx_hal_dma.o(i.DMA_SetConfig)
    i.DebugMon_Handler                       0x08000a84   Section        0  stm32f1xx_it.o(i.DebugMon_Handler)
    i.Delay_Send                             0x08000a86   Section        0  hmi.o(i.Delay_Send)
    i.Delay_ns                               0x08000a98   Section        0  input_scan.o(i.Delay_ns)
    i.Edit_Mode_Page_Switch                  0x08000aa8   Section        0  dgus.o(i.Edit_Mode_Page_Switch)
    i.Erase                                  0x08000ab0   Section        0  flash.o(i.Erase)
    i.Error_Handler                          0x08000ad8   Section        0  main.o(i.Error_Handler)
    i.Event_Handler                          0x08000adc   Section        0  application.o(i.Event_Handler)
    i.FLASH_MassErase                        0x08000b54   Section        0  stm32f1xx_hal_flash_ex.o(i.FLASH_MassErase)
    FLASH_MassErase                          0x08000b55   Thumb Code    30  stm32f1xx_hal_flash_ex.o(i.FLASH_MassErase)
    i.FLASH_PageErase                        0x08000b7c   Section        0  stm32f1xx_hal_flash_ex.o(i.FLASH_PageErase)
    i.FLASH_Program_HalfWord                 0x08000ba4   Section        0  stm32f1xx_hal_flash.o(i.FLASH_Program_HalfWord)
    FLASH_Program_HalfWord                   0x08000ba5   Thumb Code    22  stm32f1xx_hal_flash.o(i.FLASH_Program_HalfWord)
    i.FLASH_SetErrorCode                     0x08000bc4   Section        0  stm32f1xx_hal_flash.o(i.FLASH_SetErrorCode)
    FLASH_SetErrorCode                       0x08000bc5   Thumb Code   124  stm32f1xx_hal_flash.o(i.FLASH_SetErrorCode)
    i.FLASH_WaitForLastOperation             0x08000c48   Section        0  stm32f1xx_hal_flash.o(i.FLASH_WaitForLastOperation)
    i.Flash_Save_Data                        0x08000cb8   Section        0  flash.o(i.Flash_Save_Data)
    i.Get_Text                               0x08000dd4   Section        0  dgus.o(i.Get_Text)
    i.Get_Variable                           0x08000ddc   Section        0  dgus.o(i.Get_Variable)
    i.HAL_DMA_Abort_IT                       0x08000de4   Section        0  stm32f1xx_hal_dma.o(i.HAL_DMA_Abort_IT)
    i.HAL_DMA_IRQHandler                     0x08000e94   Section        0  stm32f1xx_hal_dma.o(i.HAL_DMA_IRQHandler)
    i.HAL_DMA_Init                           0x08001030   Section        0  stm32f1xx_hal_dma.o(i.HAL_DMA_Init)
    i.HAL_DMA_Start_IT                       0x08001098   Section        0  stm32f1xx_hal_dma.o(i.HAL_DMA_Start_IT)
    i.HAL_Delay                              0x08001134   Section        0  stm32f1xx_hal.o(i.HAL_Delay)
    i.HAL_FLASHEx_Erase                      0x0800115c   Section        0  stm32f1xx_hal_flash_ex.o(i.HAL_FLASHEx_Erase)
    i.HAL_FLASH_Lock                         0x0800120c   Section        0  stm32f1xx_hal_flash.o(i.HAL_FLASH_Lock)
    i.HAL_FLASH_Program                      0x08001220   Section        0  stm32f1xx_hal_flash.o(i.HAL_FLASH_Program)
    i.HAL_FLASH_Unlock                       0x080012d0   Section        0  stm32f1xx_hal_flash.o(i.HAL_FLASH_Unlock)
    i.HAL_GPIO_Init                          0x08001300   Section        0  stm32f1xx_hal_gpio.o(i.HAL_GPIO_Init)
    i.HAL_GPIO_ReadPin                       0x0800161c   Section        0  stm32f1xx_hal_gpio.o(i.HAL_GPIO_ReadPin)
    i.HAL_GPIO_WritePin                      0x0800162c   Section        0  stm32f1xx_hal_gpio.o(i.HAL_GPIO_WritePin)
    i.HAL_GetTick                            0x08001638   Section        0  stm32f1xx_hal.o(i.HAL_GetTick)
    i.HAL_I2C_Init                           0x08001644   Section        0  stm32f1xx_hal_i2c.o(i.HAL_I2C_Init)
    i.HAL_I2C_MspInit                        0x080017c0   Section        0  i2c.o(i.HAL_I2C_MspInit)
    i.HAL_IncTick                            0x08001838   Section        0  stm32f1xx_hal.o(i.HAL_IncTick)
    i.HAL_Init                               0x08001850   Section        0  stm32f1xx_hal.o(i.HAL_Init)
    i.HAL_InitTick                           0x08001878   Section        0  stm32f1xx_hal.o(i.HAL_InitTick)
    i.HAL_MspInit                            0x080018c4   Section        0  stm32f1xx_hal_msp.o(i.HAL_MspInit)
    i.HAL_NVIC_EnableIRQ                     0x08001918   Section        0  stm32f1xx_hal_cortex.o(i.HAL_NVIC_EnableIRQ)
    i.HAL_NVIC_SetPriority                   0x08001932   Section        0  stm32f1xx_hal_cortex.o(i.HAL_NVIC_SetPriority)
    i.HAL_NVIC_SetPriorityGrouping           0x080019b0   Section        0  stm32f1xx_hal_cortex.o(i.HAL_NVIC_SetPriorityGrouping)
    i.HAL_PWR_EnableBkUpAccess               0x080019d8   Section        0  stm32f1xx_hal_pwr.o(i.HAL_PWR_EnableBkUpAccess)
    i.HAL_RCCEx_GetPeriphCLKFreq             0x080019e4   Section        0  stm32f1xx_hal_rcc_ex.o(i.HAL_RCCEx_GetPeriphCLKFreq)
    i.HAL_RCCEx_PeriphCLKConfig              0x08001b04   Section        0  stm32f1xx_hal_rcc_ex.o(i.HAL_RCCEx_PeriphCLKConfig)
    i.HAL_RCC_ClockConfig                    0x08001c34   Section        0  stm32f1xx_hal_rcc.o(i.HAL_RCC_ClockConfig)
    i.HAL_RCC_GetHCLKFreq                    0x08001e04   Section        0  stm32f1xx_hal_rcc.o(i.HAL_RCC_GetHCLKFreq)
    i.HAL_RCC_GetPCLK1Freq                   0x08001e10   Section        0  stm32f1xx_hal_rcc.o(i.HAL_RCC_GetPCLK1Freq)
    i.HAL_RCC_GetPCLK2Freq                   0x08001e30   Section        0  stm32f1xx_hal_rcc.o(i.HAL_RCC_GetPCLK2Freq)
    i.HAL_RCC_GetSysClockFreq                0x08001e50   Section        0  stm32f1xx_hal_rcc.o(i.HAL_RCC_GetSysClockFreq)
    i.HAL_RCC_OscConfig                      0x08001ee4   Section        0  stm32f1xx_hal_rcc.o(i.HAL_RCC_OscConfig)
    i.HAL_RTC_GetDate                        0x08002324   Section        0  stm32f1xx_hal_rtc.o(i.HAL_RTC_GetDate)
    i.HAL_RTC_GetTime                        0x08002376   Section        0  stm32f1xx_hal_rtc.o(i.HAL_RTC_GetTime)
    i.HAL_RTC_Init                           0x0800247c   Section        0  stm32f1xx_hal_rtc.o(i.HAL_RTC_Init)
    i.HAL_RTC_MspInit                        0x0800254c   Section        0  rtc_1.o(i.HAL_RTC_MspInit)
    i.HAL_RTC_SetDate                        0x0800258c   Section        0  stm32f1xx_hal_rtc.o(i.HAL_RTC_SetDate)
    i.HAL_RTC_SetTime                        0x08002684   Section        0  stm32f1xx_hal_rtc.o(i.HAL_RTC_SetTime)
    i.HAL_RTC_WaitForSynchro                 0x08002760   Section        0  stm32f1xx_hal_rtc.o(i.HAL_RTC_WaitForSynchro)
    i.HAL_SYSTICK_Config                     0x080027a0   Section        0  stm32f1xx_hal_cortex.o(i.HAL_SYSTICK_Config)
    i.HAL_TIMEx_BreakCallback                0x080027d4   Section        0  stm32f1xx_hal_tim_ex.o(i.HAL_TIMEx_BreakCallback)
    i.HAL_TIMEx_CommutationCallback          0x080027d6   Section        0  stm32f1xx_hal_tim_ex.o(i.HAL_TIMEx_CommutationCallback)
    i.HAL_TIMEx_MasterConfigSynchronization  0x080027d8   Section        0  stm32f1xx_hal_tim_ex.o(i.HAL_TIMEx_MasterConfigSynchronization)
    i.HAL_TIM_Base_Init                      0x0800283a   Section        0  stm32f1xx_hal_tim.o(i.HAL_TIM_Base_Init)
    i.HAL_TIM_Base_MspInit                   0x08002870   Section        0  tim.o(i.HAL_TIM_Base_MspInit)
    i.HAL_TIM_Base_Start_IT                  0x08002954   Section        0  stm32f1xx_hal_tim.o(i.HAL_TIM_Base_Start_IT)
    i.HAL_TIM_ConfigClockSource              0x08002972   Section        0  stm32f1xx_hal_tim.o(i.HAL_TIM_ConfigClockSource)
    i.HAL_TIM_IC_CaptureCallback             0x08002aa4   Section        0  stm32f1xx_hal_tim.o(i.HAL_TIM_IC_CaptureCallback)
    i.HAL_TIM_IRQHandler                     0x08002aa6   Section        0  stm32f1xx_hal_tim.o(i.HAL_TIM_IRQHandler)
    i.HAL_TIM_OC_DelayElapsedCallback        0x08002c3c   Section        0  stm32f1xx_hal_tim.o(i.HAL_TIM_OC_DelayElapsedCallback)
    i.HAL_TIM_PWM_PulseFinishedCallback      0x08002c3e   Section        0  stm32f1xx_hal_tim.o(i.HAL_TIM_PWM_PulseFinishedCallback)
    i.HAL_TIM_PeriodElapsedCallback          0x08002c40   Section        0  application.o(i.HAL_TIM_PeriodElapsedCallback)
    i.HAL_TIM_TriggerCallback                0x08002cbc   Section        0  stm32f1xx_hal_tim.o(i.HAL_TIM_TriggerCallback)
    i.HAL_UART_ErrorCallback                 0x08002cbe   Section        0  stm32f1xx_hal_uart.o(i.HAL_UART_ErrorCallback)
    i.HAL_UART_IRQHandler                    0x08002cc0   Section        0  stm32f1xx_hal_uart.o(i.HAL_UART_IRQHandler)
    i.HAL_UART_Init                          0x08002e0c   Section        0  stm32f1xx_hal_uart.o(i.HAL_UART_Init)
    i.HAL_UART_MspInit                       0x08002e80   Section        0  usart.o(i.HAL_UART_MspInit)
    i.HAL_UART_Receive_DMA                   0x08003024   Section        0  stm32f1xx_hal_uart.o(i.HAL_UART_Receive_DMA)
    i.HAL_UART_RxCpltCallback                0x080030e8   Section        0  hmi.o(i.HAL_UART_RxCpltCallback)
    i.HAL_UART_RxHalfCpltCallback            0x080030f4   Section        0  stm32f1xx_hal_uart.o(i.HAL_UART_RxHalfCpltCallback)
    i.HAL_UART_Transmit                      0x080030f6   Section        0  stm32f1xx_hal_uart.o(i.HAL_UART_Transmit)
    i.HAL_UART_Transmit_IT                   0x080031cc   Section        0  stm32f1xx_hal_uart.o(i.HAL_UART_Transmit_IT)
    i.HAL_UART_TxCpltCallback                0x08003224   Section        0  stm32f1xx_hal_uart.o(i.HAL_UART_TxCpltCallback)
    i.HMI_Check_Msg                          0x08003228   Section        0  hmi.o(i.HMI_Check_Msg)
    i.HMI_Init                               0x08003380   Section        0  hmi.o(i.HMI_Init)
    i.HMI_Status                             0x08003398   Section        0  dgus.o(i.HMI_Status)
    i.HardFault_Handler                      0x080033a8   Section        0  stm32f1xx_it.o(i.HardFault_Handler)
    i.Input_Scan                             0x080033ac   Section        0  input_scan.o(i.Input_Scan)
    i.Load_Address_Location                  0x08003400   Section        0  flash.o(i.Load_Address_Location)
    i.MAP                                    0x08003538   Section        0  input_scan.o(i.MAP)
    i.MX_DMA_Init                            0x08003664   Section        0  dma.o(i.MX_DMA_Init)
    i.MX_GPIO_Init                           0x080036a8   Section        0  gpio.o(i.MX_GPIO_Init)
    i.MX_I2C2_Init                           0x0800376c   Section        0  i2c.o(i.MX_I2C2_Init)
    i.MX_RTC_Init                            0x080037a8   Section        0  rtc_1.o(i.MX_RTC_Init)
    i.MX_TIM1_Init                           0x08003820   Section        0  tim.o(i.MX_TIM1_Init)
    i.MX_TIM2_Init                           0x08003890   Section        0  tim.o(i.MX_TIM2_Init)
    i.MX_TIM3_Init                           0x08003900   Section        0  tim.o(i.MX_TIM3_Init)
    i.MX_USART1_UART_Init                    0x0800396c   Section        0  usart.o(i.MX_USART1_UART_Init)
    i.MX_USART2_UART_Init                    0x080039a4   Section        0  usart.o(i.MX_USART2_UART_Init)
    i.MemManage_Handler                      0x080039dc   Section        0  stm32f1xx_it.o(i.MemManage_Handler)
    i.Mute                                   0x080039e0   Section        0  application.o(i.Mute)
    i.NMI_Handler                            0x08003a0c   Section        0  stm32f1xx_it.o(i.NMI_Handler)
    i.NVIC_GetPriorityGrouping               0x08003a10   Section        0  stm32f1xx_hal_cortex.o(i.NVIC_GetPriorityGrouping)
    NVIC_GetPriorityGrouping                 0x08003a11   Thumb Code    10  stm32f1xx_hal_cortex.o(i.NVIC_GetPriorityGrouping)
    i.NVIC_SetPriority                       0x08003a20   Section        0  stm32f1xx_hal_cortex.o(i.NVIC_SetPriority)
    NVIC_SetPriority                         0x08003a21   Thumb Code    32  stm32f1xx_hal_cortex.o(i.NVIC_SetPriority)
    i.Password_Verification                  0x08003a48   Section        0  application.o(i.Password_Verification)
    i.PendSV_Handler                         0x08003a60   Section        0  stm32f1xx_it.o(i.PendSV_Handler)
    i.RCC_Delay                              0x08003a64   Section        0  stm32f1xx_hal_rcc.o(i.RCC_Delay)
    RCC_Delay                                0x08003a65   Thumb Code    36  stm32f1xx_hal_rcc.o(i.RCC_Delay)
    i.RESET_Buff                             0x08003a8c   Section        0  hmi.o(i.RESET_Buff)
    i.RTC_Bcd2ToByte                         0x08003ae4   Section        0  stm32f1xx_hal_rtc.o(i.RTC_Bcd2ToByte)
    RTC_Bcd2ToByte                           0x08003ae5   Thumb Code    22  stm32f1xx_hal_rtc.o(i.RTC_Bcd2ToByte)
    i.RTC_ByteToBcd2                         0x08003afa   Section        0  stm32f1xx_hal_rtc.o(i.RTC_ByteToBcd2)
    RTC_ByteToBcd2                           0x08003afb   Thumb Code    26  stm32f1xx_hal_rtc.o(i.RTC_ByteToBcd2)
    i.RTC_DateUpdate                         0x08003b14   Section        0  stm32f1xx_hal_rtc.o(i.RTC_DateUpdate)
    RTC_DateUpdate                           0x08003b15   Thumb Code   182  stm32f1xx_hal_rtc.o(i.RTC_DateUpdate)
    i.RTC_EnterInitMode                      0x08003bca   Section        0  stm32f1xx_hal_rtc.o(i.RTC_EnterInitMode)
    RTC_EnterInitMode                        0x08003bcb   Thumb Code    58  stm32f1xx_hal_rtc.o(i.RTC_EnterInitMode)
    i.RTC_ExitInitMode                       0x08003c04   Section        0  stm32f1xx_hal_rtc.o(i.RTC_ExitInitMode)
    RTC_ExitInitMode                         0x08003c05   Thumb Code    58  stm32f1xx_hal_rtc.o(i.RTC_ExitInitMode)
    i.RTC_IsLeapYear                         0x08003c3e   Section        0  stm32f1xx_hal_rtc.o(i.RTC_IsLeapYear)
    RTC_IsLeapYear                           0x08003c3f   Thumb Code    50  stm32f1xx_hal_rtc.o(i.RTC_IsLeapYear)
    i.RTC_Loop                               0x08003c70   Section        0  application.o(i.RTC_Loop)
    i.RTC_ReadAlarmCounter                   0x08003ccc   Section        0  stm32f1xx_hal_rtc.o(i.RTC_ReadAlarmCounter)
    RTC_ReadAlarmCounter                     0x08003ccd   Thumb Code    24  stm32f1xx_hal_rtc.o(i.RTC_ReadAlarmCounter)
    i.RTC_ReadTimeCounter                    0x08003ce4   Section        0  stm32f1xx_hal_rtc.o(i.RTC_ReadTimeCounter)
    RTC_ReadTimeCounter                      0x08003ce5   Thumb Code    52  stm32f1xx_hal_rtc.o(i.RTC_ReadTimeCounter)
    i.RTC_WeekDayNum                         0x08003d18   Section        0  stm32f1xx_hal_rtc.o(i.RTC_WeekDayNum)
    RTC_WeekDayNum                           0x08003d19   Thumb Code   132  stm32f1xx_hal_rtc.o(i.RTC_WeekDayNum)
    i.RTC_WriteAlarmCounter                  0x08003d9c   Section        0  stm32f1xx_hal_rtc.o(i.RTC_WriteAlarmCounter)
    RTC_WriteAlarmCounter                    0x08003d9d   Thumb Code    46  stm32f1xx_hal_rtc.o(i.RTC_WriteAlarmCounter)
    i.RTC_WriteTimeCounter                   0x08003dca   Section        0  stm32f1xx_hal_rtc.o(i.RTC_WriteTimeCounter)
    RTC_WriteTimeCounter                     0x08003dcb   Thumb Code    46  stm32f1xx_hal_rtc.o(i.RTC_WriteTimeCounter)
    i.Reset                                  0x08003df8   Section        0  application.o(i.Reset)
    i.SH_LD_Trigger                          0x08003e28   Section        0  input_scan.o(i.SH_LD_Trigger)
    i.SVC_Handler                            0x08003e4c   Section        0  stm32f1xx_it.o(i.SVC_Handler)
    i.Safety_Condition                       0x08003e50   Section        0  hmi.o(i.Safety_Condition)
    i.Save_Buffer_Into_Flash                 0x08003e70   Section        0  flash.o(i.Save_Buffer_Into_Flash)
    i.Save_Flash_Into_Buffer                 0x08003ed4   Section        0  flash.o(i.Save_Flash_Into_Buffer)
    i.Shift_Reg                              0x08003f2c   Section        0  input_scan.o(i.Shift_Reg)
    i.SysTick_Handler                        0x08003f34   Section        0  stm32f1xx_it.o(i.SysTick_Handler)
    i.SystemClock_Config                     0x08003f3c   Section        0  main.o(i.SystemClock_Config)
    i.SystemInit                             0x08003fc4   Section        0  system_stm32f1xx.o(i.SystemInit)
    i.TIM1_BRK_IRQHandler                    0x0800401c   Section        0  stm32f1xx_it.o(i.TIM1_BRK_IRQHandler)
    i.TIM1_CC_IRQHandler                     0x0800402c   Section        0  stm32f1xx_it.o(i.TIM1_CC_IRQHandler)
    i.TIM1_TRG_COM_IRQHandler                0x0800403c   Section        0  stm32f1xx_it.o(i.TIM1_TRG_COM_IRQHandler)
    i.TIM1_UP_IRQHandler                     0x0800404c   Section        0  stm32f1xx_it.o(i.TIM1_UP_IRQHandler)
    i.TIM2_IRQHandler                        0x0800405c   Section        0  stm32f1xx_it.o(i.TIM2_IRQHandler)
    i.TIM3_IRQHandler                        0x0800406c   Section        0  stm32f1xx_it.o(i.TIM3_IRQHandler)
    i.TIM_Base_SetConfig                     0x0800407c   Section        0  stm32f1xx_hal_tim.o(i.TIM_Base_SetConfig)
    i.TIM_ETR_SetConfig                      0x080040f0   Section        0  stm32f1xx_hal_tim.o(i.TIM_ETR_SetConfig)
    TIM_ETR_SetConfig                        0x080040f1   Thumb Code    24  stm32f1xx_hal_tim.o(i.TIM_ETR_SetConfig)
    i.TIM_ITRx_SetConfig                     0x08004108   Section        0  stm32f1xx_hal_tim.o(i.TIM_ITRx_SetConfig)
    TIM_ITRx_SetConfig                       0x08004109   Thumb Code    20  stm32f1xx_hal_tim.o(i.TIM_ITRx_SetConfig)
    i.TIM_TI1_ConfigInputStage               0x0800411c   Section        0  stm32f1xx_hal_tim.o(i.TIM_TI1_ConfigInputStage)
    TIM_TI1_ConfigInputStage                 0x0800411d   Thumb Code    42  stm32f1xx_hal_tim.o(i.TIM_TI1_ConfigInputStage)
    i.TIM_TI2_ConfigInputStage               0x08004146   Section        0  stm32f1xx_hal_tim.o(i.TIM_TI2_ConfigInputStage)
    TIM_TI2_ConfigInputStage                 0x08004147   Thumb Code    44  stm32f1xx_hal_tim.o(i.TIM_TI2_ConfigInputStage)
    i.Test                                   0x08004174   Section        0  application.o(i.Test)
    i.Test_Tags_DGUS                         0x080041bc   Section        0  dgus.o(i.Test_Tags_DGUS)
    i.UART_DMAAbortOnError                   0x080041e6   Section        0  stm32f1xx_hal_uart.o(i.UART_DMAAbortOnError)
    UART_DMAAbortOnError                     0x080041e7   Thumb Code    20  stm32f1xx_hal_uart.o(i.UART_DMAAbortOnError)
    i.UART_DMAError                          0x080041fa   Section        0  stm32f1xx_hal_uart.o(i.UART_DMAError)
    UART_DMAError                            0x080041fb   Thumb Code    80  stm32f1xx_hal_uart.o(i.UART_DMAError)
    i.UART_DMAReceiveCplt                    0x0800424a   Section        0  stm32f1xx_hal_uart.o(i.UART_DMAReceiveCplt)
    UART_DMAReceiveCplt                      0x0800424b   Thumb Code    70  stm32f1xx_hal_uart.o(i.UART_DMAReceiveCplt)
    i.UART_DMARxHalfCplt                     0x08004290   Section        0  stm32f1xx_hal_uart.o(i.UART_DMARxHalfCplt)
    UART_DMARxHalfCplt                       0x08004291   Thumb Code    14  stm32f1xx_hal_uart.o(i.UART_DMARxHalfCplt)
    i.UART_EndRxTransfer                     0x0800429e   Section        0  stm32f1xx_hal_uart.o(i.UART_EndRxTransfer)
    UART_EndRxTransfer                       0x0800429f   Thumb Code    32  stm32f1xx_hal_uart.o(i.UART_EndRxTransfer)
    i.UART_EndTransmit_IT                    0x080042be   Section        0  stm32f1xx_hal_uart.o(i.UART_EndTransmit_IT)
    UART_EndTransmit_IT                      0x080042bf   Thumb Code    32  stm32f1xx_hal_uart.o(i.UART_EndTransmit_IT)
    i.UART_EndTxTransfer                     0x080042de   Section        0  stm32f1xx_hal_uart.o(i.UART_EndTxTransfer)
    UART_EndTxTransfer                       0x080042df   Thumb Code    20  stm32f1xx_hal_uart.o(i.UART_EndTxTransfer)
    i.UART_Receive_IT                        0x080042f2   Section        0  stm32f1xx_hal_uart.o(i.UART_Receive_IT)
    UART_Receive_IT                          0x080042f3   Thumb Code   166  stm32f1xx_hal_uart.o(i.UART_Receive_IT)
    i.UART_SetConfig                         0x08004398   Section        0  stm32f1xx_hal_uart.o(i.UART_SetConfig)
    UART_SetConfig                           0x08004399   Thumb Code   450  stm32f1xx_hal_uart.o(i.UART_SetConfig)
    i.UART_Transmit_IT                       0x08004560   Section        0  stm32f1xx_hal_uart.o(i.UART_Transmit_IT)
    UART_Transmit_IT                         0x08004561   Thumb Code   104  stm32f1xx_hal_uart.o(i.UART_Transmit_IT)
    i.UART_WaitOnFlagUntilTimeout            0x080045c8   Section        0  stm32f1xx_hal_uart.o(i.UART_WaitOnFlagUntilTimeout)
    UART_WaitOnFlagUntilTimeout              0x080045c9   Thumb Code   108  stm32f1xx_hal_uart.o(i.UART_WaitOnFlagUntilTimeout)
    i.USART1_IRQHandler                      0x08004634   Section        0  stm32f1xx_it.o(i.USART1_IRQHandler)
    i.USART2_IRQHandler                      0x08004644   Section        0  stm32f1xx_it.o(i.USART2_IRQHandler)
    i.UsageFault_Handler                     0x08004654   Section        0  stm32f1xx_it.o(i.UsageFault_Handler)
    i.__scatterload_copy                     0x08004658   Section       14  handlers.o(i.__scatterload_copy)
    i.__scatterload_null                     0x08004666   Section        2  handlers.o(i.__scatterload_null)
    i.__scatterload_zeroinit                 0x08004668   Section       14  handlers.o(i.__scatterload_zeroinit)
    i.main                                   0x08004676   Section        0  main.o(i.main)
    .constdata                               0x080046ae   Section       24  system_stm32f1xx.o(.constdata)
    .data                                    0x20000000   Section      207  application.o(.data)
    .data                                    0x200000cf   Section        5  input_scan.o(.data)
    .data                                    0x200000d4   Section       48  dgus.o(.data)
    .data                                    0x20000104   Section       12  hmi.o(.data)
    .data                                    0x20000110   Section       23  flash.o(.data)
    .data                                    0x20000128   Section        9  stm32f1xx_hal.o(.data)
    .data                                    0x20000134   Section        4  system_stm32f1xx.o(.data)
    .bss                                     0x20000138   Section      471  application.o(.bss)
    .bss                                     0x2000030f   Section       32  input_scan.o(.bss)
    .bss                                     0x20000330   Section       70  dgus.o(.bss)
    .bss                                     0x20000376   Section      144  hmi.o(.bss)
    .bss                                     0x20000408   Section     1112  flash.o(.bss)
    EraseInitStruct                          0x20000850   Data          16  flash.o(.bss)
    .bss                                     0x20000860   Section       84  i2c.o(.bss)
    .bss                                     0x200008b4   Section       20  rtc_1.o(.bss)
    .bss                                     0x200008c8   Section      192  tim.o(.bss)
    .bss                                     0x20000988   Section      264  usart.o(.bss)
    .bss                                     0x20000a90   Section       32  stm32f1xx_hal_flash.o(.bss)
    STACK                                    0x20000ab0   Section     1024  startup_stm32f103xb.o(STACK)

    Global Symbols

    Symbol Name                              Value     Ov Type        Size  Object(Section)

    BuildAttributes$$THM_ISAv4$P$D$K$B$S$PE$A:L22UL41UL21$X:L11$S22US41US21$IEEE1$IW$USESV6$~STKCKD$USESV7$~SHL$OTIME$ROPI$EBA8$MICROLIB$REQ8$PRES8$EABIv2 0x00000000   Number         0  anon$$obj.o ABSOLUTE
    __ARM_use_no_argv                        0x00000000   Number         0  main.o ABSOLUTE
    __arm_fini_                               - Undefined Weak Reference
    __cpp_initialize__aeabi_                  - Undefined Weak Reference
    __cxa_finalize                            - Undefined Weak Reference
    _clock_init                               - Undefined Weak Reference
    _microlib_exit                            - Undefined Weak Reference
    __Vectors_Size                           0x000000ec   Number         0  startup_stm32f103xb.o ABSOLUTE
    __Vectors                                0x08000000   Data           4  startup_stm32f103xb.o(RESET)
    __Vectors_End                            0x080000ec   Data           0  startup_stm32f103xb.o(RESET)
    __main                                   0x080000ed   Thumb Code     0  entry.o(.ARM.Collect$$$$00000000)
    _main_stk                                0x080000ed   Thumb Code     0  entry2.o(.ARM.Collect$$$$00000001)
    _main_scatterload                        0x080000f1   Thumb Code     0  entry5.o(.ARM.Collect$$$$00000004)
    __main_after_scatterload                 0x080000f5   Thumb Code     0  entry5.o(.ARM.Collect$$$$00000004)
    _main_clock                              0x080000f5   Thumb Code     0  entry7b.o(.ARM.Collect$$$$00000008)
    _main_cpp_init                           0x080000f5   Thumb Code     0  entry8b.o(.ARM.Collect$$$$0000000A)
    _main_init                               0x080000f5   Thumb Code     0  entry9a.o(.ARM.Collect$$$$0000000B)
    __rt_lib_shutdown_fini                   0x080000fd   Thumb Code     0  entry12b.o(.ARM.Collect$$$$0000000E)
    __rt_final_cpp                           0x08000101   Thumb Code     0  entry10a.o(.ARM.Collect$$$$0000000F)
    __rt_final_exit                          0x08000101   Thumb Code     0  entry11a.o(.ARM.Collect$$$$00000011)
    Reset_Handler                            0x08000105   Thumb Code     8  startup_stm32f103xb.o(.text)
    ADC1_2_IRQHandler                        0x0800011f   Thumb Code     0  startup_stm32f103xb.o(.text)
    CAN1_RX1_IRQHandler                      0x0800011f   Thumb Code     0  startup_stm32f103xb.o(.text)
    CAN1_SCE_IRQHandler                      0x0800011f   Thumb Code     0  startup_stm32f103xb.o(.text)
    DMA1_Channel1_IRQHandler                 0x0800011f   Thumb Code     0  startup_stm32f103xb.o(.text)
    DMA1_Channel2_IRQHandler                 0x0800011f   Thumb Code     0  startup_stm32f103xb.o(.text)
    DMA1_Channel3_IRQHandler                 0x0800011f   Thumb Code     0  startup_stm32f103xb.o(.text)
    DMA1_Channel4_IRQHandler                 0x0800011f   Thumb Code     0  startup_stm32f103xb.o(.text)
    DMA1_Channel7_IRQHandler                 0x0800011f   Thumb Code     0  startup_stm32f103xb.o(.text)
    EXTI0_IRQHandler                         0x0800011f   Thumb Code     0  startup_stm32f103xb.o(.text)
    EXTI15_10_IRQHandler                     0x0800011f   Thumb Code     0  startup_stm32f103xb.o(.text)
    EXTI1_IRQHandler                         0x0800011f   Thumb Code     0  startup_stm32f103xb.o(.text)
    EXTI2_IRQHandler                         0x0800011f   Thumb Code     0  startup_stm32f103xb.o(.text)
    EXTI3_IRQHandler                         0x0800011f   Thumb Code     0  startup_stm32f103xb.o(.text)
    EXTI4_IRQHandler                         0x0800011f   Thumb Code     0  startup_stm32f103xb.o(.text)
    EXTI9_5_IRQHandler                       0x0800011f   Thumb Code     0  startup_stm32f103xb.o(.text)
    FLASH_IRQHandler                         0x0800011f   Thumb Code     0  startup_stm32f103xb.o(.text)
    I2C1_ER_IRQHandler                       0x0800011f   Thumb Code     0  startup_stm32f103xb.o(.text)
    I2C1_EV_IRQHandler                       0x0800011f   Thumb Code     0  startup_stm32f103xb.o(.text)
    I2C2_ER_IRQHandler                       0x0800011f   Thumb Code     0  startup_stm32f103xb.o(.text)
    I2C2_EV_IRQHandler                       0x0800011f   Thumb Code     0  startup_stm32f103xb.o(.text)
    PVD_IRQHandler                           0x0800011f   Thumb Code     0  startup_stm32f103xb.o(.text)
    RCC_IRQHandler                           0x0800011f   Thumb Code     0  startup_stm32f103xb.o(.text)
    RTC_Alarm_IRQHandler                     0x0800011f   Thumb Code     0  startup_stm32f103xb.o(.text)
    RTC_IRQHandler                           0x0800011f   Thumb Code     0  startup_stm32f103xb.o(.text)
    SPI1_IRQHandler                          0x0800011f   Thumb Code     0  startup_stm32f103xb.o(.text)
    SPI2_IRQHandler                          0x0800011f   Thumb Code     0  startup_stm32f103xb.o(.text)
    TAMPER_IRQHandler                        0x0800011f   Thumb Code     0  startup_stm32f103xb.o(.text)
    TIM4_IRQHandler                          0x0800011f   Thumb Code     0  startup_stm32f103xb.o(.text)
    USART3_IRQHandler                        0x0800011f   Thumb Code     0  startup_stm32f103xb.o(.text)
    USBWakeUp_IRQHandler                     0x0800011f   Thumb Code     0  startup_stm32f103xb.o(.text)
    USB_HP_CAN1_TX_IRQHandler                0x0800011f   Thumb Code     0  startup_stm32f103xb.o(.text)
    USB_LP_CAN1_RX0_IRQHandler               0x0800011f   Thumb Code     0  startup_stm32f103xb.o(.text)
    WWDG_IRQHandler                          0x0800011f   Thumb Code     0  startup_stm32f103xb.o(.text)
    __aeabi_llsr                             0x08000129   Thumb Code    32  llushr.o(.text)
    _ll_ushift_r                             0x08000129   Thumb Code     0  llushr.o(.text)
    __aeabi_memset                           0x08000149   Thumb Code    14  memseta.o(.text)
    __aeabi_memset4                          0x08000149   Thumb Code     0  memseta.o(.text)
    __aeabi_memset8                          0x08000149   Thumb Code     0  memseta.o(.text)
    __aeabi_memclr                           0x08000157   Thumb Code     4  memseta.o(.text)
    __aeabi_memclr4                          0x08000157   Thumb Code     0  memseta.o(.text)
    __aeabi_memclr8                          0x08000157   Thumb Code     0  memseta.o(.text)
    _memset$wrapper                          0x0800015b   Thumb Code    18  memseta.o(.text)
    __scatterload                            0x0800016d   Thumb Code    28  init.o(.text)
    __scatterload_rt2                        0x0800016d   Thumb Code     0  init.o(.text)
    __decompress                             0x08000191   Thumb Code     0  __dczerorl2.o(.text)
    __decompress1                            0x08000191   Thumb Code    86  __dczerorl2.o(.text)
    Acknowledge                              0x080001e9   Thumb Code    38  application.o(i.Acknowledge)
    Alarm_On                                 0x08000215   Thumb Code    12  dgus.o(i.Alarm_On)
    Alarm_Trip_Config                        0x08000221   Thumb Code    60  application.o(i.Alarm_Trip_Config)
    Application                              0x08000261   Thumb Code   762  application.o(i.Application)
    Application_Init                         0x08000599   Thumb Code    94  application.o(i.Application_Init)
    BusFault_Handler                         0x0800061d   Thumb Code     4  stm32f1xx_it.o(i.BusFault_Handler)
    CLK_Input                                0x08000621   Thumb Code    30  input_scan.o(i.CLK_Input)
    Check                                    0x08000645   Thumb Code   380  input_scan.o(i.Check)
    DGUS_Beep                                0x080007cd   Thumb Code    78  hmi.o(i.DGUS_Beep)
    DGUS_Check_Msg                           0x08000821   Thumb Code   162  dgus.o(i.DGUS_Check_Msg)
    DGUS_Initialization                      0x080008e1   Thumb Code    14  dgus.o(i.DGUS_Initialization)
    DGUS_Page_Switch                         0x080008f1   Thumb Code   144  hmi.o(i.DGUS_Page_Switch)
    DGUS_RTC                                 0x08000989   Thumb Code    60  dgus.o(i.DGUS_RTC)
    DGUS_SendVal                             0x080009d1   Thumb Code   100  hmi.o(i.DGUS_SendVal)
    DMA1_Channel5_IRQHandler                 0x08000a39   Thumb Code    10  stm32f1xx_it.o(i.DMA1_Channel5_IRQHandler)
    DMA1_Channel6_IRQHandler                 0x08000a49   Thumb Code    10  stm32f1xx_it.o(i.DMA1_Channel6_IRQHandler)
    DebugMon_Handler                         0x08000a85   Thumb Code     2  stm32f1xx_it.o(i.DebugMon_Handler)
    Delay_Send                               0x08000a87   Thumb Code    18  hmi.o(i.Delay_Send)
    Delay_ns                                 0x08000a99   Thumb Code    16  input_scan.o(i.Delay_ns)
    Edit_Mode_Page_Switch                    0x08000aa9   Thumb Code     8  dgus.o(i.Edit_Mode_Page_Switch)
    Erase                                    0x08000ab1   Thumb Code    30  flash.o(i.Erase)
    Error_Handler                            0x08000ad9   Thumb Code     2  main.o(i.Error_Handler)
    Event_Handler                            0x08000add   Thumb Code   106  application.o(i.Event_Handler)
    FLASH_PageErase                          0x08000b7d   Thumb Code    32  stm32f1xx_hal_flash_ex.o(i.FLASH_PageErase)
    FLASH_WaitForLastOperation               0x08000c49   Thumb Code   106  stm32f1xx_hal_flash.o(i.FLASH_WaitForLastOperation)
    Flash_Save_Data                          0x08000cb9   Thumb Code   258  flash.o(i.Flash_Save_Data)
    Get_Text                                 0x08000dd5   Thumb Code     4  dgus.o(i.Get_Text)
    Get_Variable                             0x08000ddd   Thumb Code     4  dgus.o(i.Get_Variable)
    HAL_DMA_Abort_IT                         0x08000de5   Thumb Code   172  stm32f1xx_hal_dma.o(i.HAL_DMA_Abort_IT)
    HAL_DMA_IRQHandler                       0x08000e95   Thumb Code   408  stm32f1xx_hal_dma.o(i.HAL_DMA_IRQHandler)
    HAL_DMA_Init                             0x08001031   Thumb Code   100  stm32f1xx_hal_dma.o(i.HAL_DMA_Init)
    HAL_DMA_Start_IT                         0x08001099   Thumb Code   156  stm32f1xx_hal_dma.o(i.HAL_DMA_Start_IT)
    HAL_Delay                                0x08001135   Thumb Code    36  stm32f1xx_hal.o(i.HAL_Delay)
    HAL_FLASHEx_Erase                        0x0800115d   Thumb Code   168  stm32f1xx_hal_flash_ex.o(i.HAL_FLASHEx_Erase)
    HAL_FLASH_Lock                           0x0800120d   Thumb Code    16  stm32f1xx_hal_flash.o(i.HAL_FLASH_Lock)
    HAL_FLASH_Program                        0x08001221   Thumb Code   168  stm32f1xx_hal_flash.o(i.HAL_FLASH_Program)
    HAL_FLASH_Unlock                         0x080012d1   Thumb Code    36  stm32f1xx_hal_flash.o(i.HAL_FLASH_Unlock)
    HAL_GPIO_Init                            0x08001301   Thumb Code   764  stm32f1xx_hal_gpio.o(i.HAL_GPIO_Init)
    HAL_GPIO_ReadPin                         0x0800161d   Thumb Code    16  stm32f1xx_hal_gpio.o(i.HAL_GPIO_ReadPin)
    HAL_GPIO_WritePin                        0x0800162d   Thumb Code    12  stm32f1xx_hal_gpio.o(i.HAL_GPIO_WritePin)
    HAL_GetTick                              0x08001639   Thumb Code     6  stm32f1xx_hal.o(i.HAL_GetTick)
    HAL_I2C_Init                             0x08001645   Thumb Code   362  stm32f1xx_hal_i2c.o(i.HAL_I2C_Init)
    HAL_I2C_MspInit                          0x080017c1   Thumb Code   106  i2c.o(i.HAL_I2C_MspInit)
    HAL_IncTick                              0x08001839   Thumb Code    16  stm32f1xx_hal.o(i.HAL_IncTick)
    HAL_Init                                 0x08001851   Thumb Code    34  stm32f1xx_hal.o(i.HAL_Init)
    HAL_InitTick                             0x08001879   Thumb Code    64  stm32f1xx_hal.o(i.HAL_InitTick)
    HAL_MspInit                              0x080018c5   Thumb Code    76  stm32f1xx_hal_msp.o(i.HAL_MspInit)
    HAL_NVIC_EnableIRQ                       0x08001919   Thumb Code    26  stm32f1xx_hal_cortex.o(i.HAL_NVIC_EnableIRQ)
    HAL_NVIC_SetPriority                     0x08001933   Thumb Code   124  stm32f1xx_hal_cortex.o(i.HAL_NVIC_SetPriority)
    HAL_NVIC_SetPriorityGrouping             0x080019b1   Thumb Code    32  stm32f1xx_hal_cortex.o(i.HAL_NVIC_SetPriorityGrouping)
    HAL_PWR_EnableBkUpAccess                 0x080019d9   Thumb Code     8  stm32f1xx_hal_pwr.o(i.HAL_PWR_EnableBkUpAccess)
    HAL_RCCEx_GetPeriphCLKFreq               0x080019e5   Thumb Code   254  stm32f1xx_hal_rcc_ex.o(i.HAL_RCCEx_GetPeriphCLKFreq)
    HAL_RCCEx_PeriphCLKConfig                0x08001b05   Thumb Code   290  stm32f1xx_hal_rcc_ex.o(i.HAL_RCCEx_PeriphCLKConfig)
    HAL_RCC_ClockConfig                      0x08001c35   Thumb Code   446  stm32f1xx_hal_rcc.o(i.HAL_RCC_ClockConfig)
    HAL_RCC_GetHCLKFreq                      0x08001e05   Thumb Code     6  stm32f1xx_hal_rcc.o(i.HAL_RCC_GetHCLKFreq)
    HAL_RCC_GetPCLK1Freq                     0x08001e11   Thumb Code    22  stm32f1xx_hal_rcc.o(i.HAL_RCC_GetPCLK1Freq)
    HAL_RCC_GetPCLK2Freq                     0x08001e31   Thumb Code    22  stm32f1xx_hal_rcc.o(i.HAL_RCC_GetPCLK2Freq)
    HAL_RCC_GetSysClockFreq                  0x08001e51   Thumb Code   116  stm32f1xx_hal_rcc.o(i.HAL_RCC_GetSysClockFreq)
    HAL_RCC_OscConfig                        0x08001ee5   Thumb Code  1078  stm32f1xx_hal_rcc.o(i.HAL_RCC_OscConfig)
    HAL_RTC_GetDate                          0x08002325   Thumb Code    82  stm32f1xx_hal_rtc.o(i.HAL_RTC_GetDate)
    HAL_RTC_GetTime                          0x08002377   Thumb Code   260  stm32f1xx_hal_rtc.o(i.HAL_RTC_GetTime)
    HAL_RTC_Init                             0x0800247d   Thumb Code   202  stm32f1xx_hal_rtc.o(i.HAL_RTC_Init)
    HAL_RTC_MspInit                          0x0800254d   Thumb Code    52  rtc_1.o(i.HAL_RTC_MspInit)
    HAL_RTC_SetDate                          0x0800258d   Thumb Code   242  stm32f1xx_hal_rtc.o(i.HAL_RTC_SetDate)
    HAL_RTC_SetTime                          0x08002685   Thumb Code   214  stm32f1xx_hal_rtc.o(i.HAL_RTC_SetTime)
    HAL_RTC_WaitForSynchro                   0x08002761   Thumb Code    64  stm32f1xx_hal_rtc.o(i.HAL_RTC_WaitForSynchro)
    HAL_SYSTICK_Config                       0x080027a1   Thumb Code    52  stm32f1xx_hal_cortex.o(i.HAL_SYSTICK_Config)
    HAL_TIMEx_BreakCallback                  0x080027d5   Thumb Code     2  stm32f1xx_hal_tim_ex.o(i.HAL_TIMEx_BreakCallback)
    HAL_TIMEx_CommutationCallback            0x080027d7   Thumb Code     2  stm32f1xx_hal_tim_ex.o(i.HAL_TIMEx_CommutationCallback)
    HAL_TIMEx_MasterConfigSynchronization    0x080027d9   Thumb Code    98  stm32f1xx_hal_tim_ex.o(i.HAL_TIMEx_MasterConfigSynchronization)
    HAL_TIM_Base_Init                        0x0800283b   Thumb Code    52  stm32f1xx_hal_tim.o(i.HAL_TIM_Base_Init)
    HAL_TIM_Base_MspInit                     0x08002871   Thumb Code   214  tim.o(i.HAL_TIM_Base_MspInit)
    HAL_TIM_Base_Start_IT                    0x08002955   Thumb Code    30  stm32f1xx_hal_tim.o(i.HAL_TIM_Base_Start_IT)
    HAL_TIM_ConfigClockSource                0x08002973   Thumb Code   306  stm32f1xx_hal_tim.o(i.HAL_TIM_ConfigClockSource)
    HAL_TIM_IC_CaptureCallback               0x08002aa5   Thumb Code     2  stm32f1xx_hal_tim.o(i.HAL_TIM_IC_CaptureCallback)
    HAL_TIM_IRQHandler                       0x08002aa7   Thumb Code   406  stm32f1xx_hal_tim.o(i.HAL_TIM_IRQHandler)
    HAL_TIM_OC_DelayElapsedCallback          0x08002c3d   Thumb Code     2  stm32f1xx_hal_tim.o(i.HAL_TIM_OC_DelayElapsedCallback)
    HAL_TIM_PWM_PulseFinishedCallback        0x08002c3f   Thumb Code     2  stm32f1xx_hal_tim.o(i.HAL_TIM_PWM_PulseFinishedCallback)
    HAL_TIM_PeriodElapsedCallback            0x08002c41   Thumb Code    94  application.o(i.HAL_TIM_PeriodElapsedCallback)
    HAL_TIM_TriggerCallback                  0x08002cbd   Thumb Code     2  stm32f1xx_hal_tim.o(i.HAL_TIM_TriggerCallback)
    HAL_UART_ErrorCallback                   0x08002cbf   Thumb Code     2  stm32f1xx_hal_uart.o(i.HAL_UART_ErrorCallback)
    HAL_UART_IRQHandler                      0x08002cc1   Thumb Code   326  stm32f1xx_hal_uart.o(i.HAL_UART_IRQHandler)
    HAL_UART_Init                            0x08002e0d   Thumb Code   114  stm32f1xx_hal_uart.o(i.HAL_UART_Init)
    HAL_UART_MspInit                         0x08002e81   Thumb Code   382  usart.o(i.HAL_UART_MspInit)
    HAL_UART_Receive_DMA                     0x08003025   Thumb Code   182  stm32f1xx_hal_uart.o(i.HAL_UART_Receive_DMA)
    HAL_UART_RxCpltCallback                  0x080030e9   Thumb Code     8  hmi.o(i.HAL_UART_RxCpltCallback)
    HAL_UART_RxHalfCpltCallback              0x080030f5   Thumb Code     2  stm32f1xx_hal_uart.o(i.HAL_UART_RxHalfCpltCallback)
    HAL_UART_Transmit                        0x080030f7   Thumb Code   214  stm32f1xx_hal_uart.o(i.HAL_UART_Transmit)
    HAL_UART_Transmit_IT                     0x080031cd   Thumb Code    88  stm32f1xx_hal_uart.o(i.HAL_UART_Transmit_IT)
    HAL_UART_TxCpltCallback                  0x08003225   Thumb Code     2  stm32f1xx_hal_uart.o(i.HAL_UART_TxCpltCallback)
    HMI_Check_Msg                            0x08003229   Thumb Code   316  hmi.o(i.HMI_Check_Msg)
    HMI_Init                                 0x08003381   Thumb Code    14  hmi.o(i.HMI_Init)
    HMI_Status                               0x08003399   Thumb Code    16  dgus.o(i.HMI_Status)
    HardFault_Handler                        0x080033a9   Thumb Code     4  stm32f1xx_it.o(i.HardFault_Handler)
    Input_Scan                               0x080033ad   Thumb Code    72  input_scan.o(i.Input_Scan)
    Load_Address_Location                    0x08003401   Thumb Code   298  flash.o(i.Load_Address_Location)
    MAP                                      0x08003539   Thumb Code   294  input_scan.o(i.MAP)
    MX_DMA_Init                              0x08003665   Thumb Code    64  dma.o(i.MX_DMA_Init)
    MX_GPIO_Init                             0x080036a9   Thumb Code   184  gpio.o(i.MX_GPIO_Init)
    MX_I2C2_Init                             0x0800376d   Thumb Code    48  i2c.o(i.MX_I2C2_Init)
    MX_RTC_Init                              0x080037a9   Thumb Code   110  rtc_1.o(i.MX_RTC_Init)
    MX_TIM1_Init                             0x08003821   Thumb Code   104  tim.o(i.MX_TIM1_Init)
    MX_TIM2_Init                             0x08003891   Thumb Code   106  tim.o(i.MX_TIM2_Init)
    MX_TIM3_Init                             0x08003901   Thumb Code   100  tim.o(i.MX_TIM3_Init)
    MX_USART1_UART_Init                      0x0800396d   Thumb Code    44  usart.o(i.MX_USART1_UART_Init)
    MX_USART2_UART_Init                      0x080039a5   Thumb Code    46  usart.o(i.MX_USART2_UART_Init)
    MemManage_Handler                        0x080039dd   Thumb Code     4  stm32f1xx_it.o(i.MemManage_Handler)
    Mute                                     0x080039e1   Thumb Code    38  application.o(i.Mute)
    NMI_Handler                              0x08003a0d   Thumb Code     2  stm32f1xx_it.o(i.NMI_Handler)
    Password_Verification                    0x08003a49   Thumb Code    20  application.o(i.Password_Verification)
    PendSV_Handler                           0x08003a61   Thumb Code     2  stm32f1xx_it.o(i.PendSV_Handler)
    RESET_Buff                               0x08003a8d   Thumb Code    82  hmi.o(i.RESET_Buff)
    RTC_Loop                                 0x08003c71   Thumb Code    70  application.o(i.RTC_Loop)
    Reset                                    0x08003df9   Thumb Code    42  application.o(i.Reset)
    SH_LD_Trigger                            0x08003e29   Thumb Code    30  input_scan.o(i.SH_LD_Trigger)
    SVC_Handler                              0x08003e4d   Thumb Code     2  stm32f1xx_it.o(i.SVC_Handler)
    Safety_Condition                         0x08003e51   Thumb Code    28  hmi.o(i.Safety_Condition)
    Save_Buffer_Into_Flash                   0x08003e71   Thumb Code    84  flash.o(i.Save_Buffer_Into_Flash)
    Save_Flash_Into_Buffer                   0x08003ed5   Thumb Code    72  flash.o(i.Save_Flash_Into_Buffer)
    Shift_Reg                                0x08003f2d   Thumb Code     8  input_scan.o(i.Shift_Reg)
    SysTick_Handler                          0x08003f35   Thumb Code     8  stm32f1xx_it.o(i.SysTick_Handler)
    SystemClock_Config                       0x08003f3d   Thumb Code   136  main.o(i.SystemClock_Config)
    SystemInit                               0x08003fc5   Thumb Code    70  system_stm32f1xx.o(i.SystemInit)
    TIM1_BRK_IRQHandler                      0x0800401d   Thumb Code    10  stm32f1xx_it.o(i.TIM1_BRK_IRQHandler)
    TIM1_CC_IRQHandler                       0x0800402d   Thumb Code    10  stm32f1xx_it.o(i.TIM1_CC_IRQHandler)
    TIM1_TRG_COM_IRQHandler                  0x0800403d   Thumb Code    10  stm32f1xx_it.o(i.TIM1_TRG_COM_IRQHandler)
    TIM1_UP_IRQHandler                       0x0800404d   Thumb Code    10  stm32f1xx_it.o(i.TIM1_UP_IRQHandler)
    TIM2_IRQHandler                          0x0800405d   Thumb Code    10  stm32f1xx_it.o(i.TIM2_IRQHandler)
    TIM3_IRQHandler                          0x0800406d   Thumb Code    10  stm32f1xx_it.o(i.TIM3_IRQHandler)
    TIM_Base_SetConfig                       0x0800407d   Thumb Code   102  stm32f1xx_hal_tim.o(i.TIM_Base_SetConfig)
    Test                                     0x08004175   Thumb Code    58  application.o(i.Test)
    Test_Tags_DGUS                           0x080041bd   Thumb Code    42  dgus.o(i.Test_Tags_DGUS)
    USART1_IRQHandler                        0x08004635   Thumb Code    10  stm32f1xx_it.o(i.USART1_IRQHandler)
    USART2_IRQHandler                        0x08004645   Thumb Code    10  stm32f1xx_it.o(i.USART2_IRQHandler)
    UsageFault_Handler                       0x08004655   Thumb Code     4  stm32f1xx_it.o(i.UsageFault_Handler)
    __scatterload_copy                       0x08004659   Thumb Code    14  handlers.o(i.__scatterload_copy)
    __scatterload_null                       0x08004667   Thumb Code     2  handlers.o(i.__scatterload_null)
    __scatterload_zeroinit                   0x08004669   Thumb Code    14  handlers.o(i.__scatterload_zeroinit)
    main                                     0x08004677   Thumb Code    56  main.o(i.main)
    AHBPrescTable                            0x080046ae   Data          16  system_stm32f1xx.o(.constdata)
    APBPrescTable                            0x080046be   Data           8  system_stm32f1xx.o(.constdata)
    Region$$Table$$Base                      0x080046c8   Number         0  anon$$obj.o(Region$$Table)
    Region$$Table$$Limit                     0x080046e8   Number         0  anon$$obj.o(Region$$Table)
    State                                    0x20000000   Data           1  application.o(.data)
    Dispatch_Ptr                             0x20000004   Data           4  application.o(.data)
    Increment_App                            0x20000008   Data           1  application.o(.data)
    System_Trigger                           0x20000009   Data           1  application.o(.data)
    Flash_Status                             0x2000000a   Data           1  application.o(.data)
    Beep                                     0x2000000b   Data           1  application.o(.data)
    Msg_Application                          0x2000000c   Data           2  application.o(.data)
    Msg_Variable_Ptr                         0x20000010   Data           4  application.o(.data)
    Msg_Variable                             0x20000014   Data           6  application.o(.data)
    Msg_Text_Ptr                             0x2000001c   Data           4  application.o(.data)
    Msg_Text_Length                          0x20000020   Data           1  application.o(.data)
    Counter_ms                               0x20000024   Data           4  application.o(.data)
    Counter_Ms                               0x20000028   Data           8  application.o(.data)
    Start_Operation_Time                     0x20000030   Data           4  application.o(.data)
    End_Operation_Time                       0x20000034   Data           4  application.o(.data)
    Task_Duration                            0x20000038   Data           4  application.o(.data)
    Debug_Array                              0x2000003c   Data          20  application.o(.data)
    APP_Time                                 0x20000050   Data           7  application.o(.data)
    RTC_Ptr                                  0x20000058   Data           4  application.o(.data)
    gTime                                    0x2000005c   Data           3  application.o(.data)
    gDate                                    0x2000005f   Data           4  application.o(.data)
    APP_RTC                                  0x20000063   Data           6  application.o(.data)
    Counter_Log                              0x20000069   Data           1  application.o(.data)
    Recieve_Esp                              0x2000006a   Data           2  application.o(.data)
    Transmit_A5                              0x2000006c   Data          30  application.o(.data)
    Transmit_5A                              0x2000008a   Data           1  application.o(.data)
    Msg_Flash                                0x2000008c   Data          20  application.o(.data)
    Msg_Flash2                               0x200000a0   Data          20  application.o(.data)
    Msg_Flash3                               0x200000b4   Data          20  application.o(.data)
    sTime                                    0x200000c8   Data           3  application.o(.data)
    DateToUpdate                             0x200000cb   Data           4  application.o(.data)
    Target                                   0x200000cf   Data           1  input_scan.o(.data)
    Target_Local                             0x200000d0   Data           1  input_scan.o(.data)
    Increment_Input                          0x200000d1   Data           1  input_scan.o(.data)
    Pin_Status                               0x200000d2   Data           1  input_scan.o(.data)
    Increment_Clk                            0x200000d3   Data           1  input_scan.o(.data)
    Save_Flag                                0x200000d4   Data           1  dgus.o(.data)
    Send_Normal_Flag                         0x200000d5   Data           1  dgus.o(.data)
    Serial_Event_Flag                        0x200000d6   Data           1  dgus.o(.data)
    A_T_Arr                                  0x200000d7   Data          25  dgus.o(.data)
    DGUS_Hours                               0x200000f0   Data           1  dgus.o(.data)
    DGUS_Minutes                             0x200000f1   Data           1  dgus.o(.data)
    DGUS_Seconds                             0x200000f2   Data           1  dgus.o(.data)
    Msg_DGUS_Ptr                             0x200000f4   Data           4  dgus.o(.data)
    Msg_DGUS                                 0x200000f8   Data           2  dgus.o(.data)
    Msg_DGUS_Variable                        0x200000fa   Data           6  dgus.o(.data)
    Msg_DGUS_Variable_Status                 0x20000100   Data           1  dgus.o(.data)
    Msg_DGUS_Text_Status                     0x20000101   Data           1  dgus.o(.data)
    Msg_Length_DGUS                          0x20000102   Data           1  dgus.o(.data)
    Increment_DGUS                           0x20000103   Data           1  dgus.o(.data)
    tx_buff                                  0x20000104   Data           1  hmi.o(.data)
    iteration                                0x20000106   Data           2  hmi.o(.data)
    x                                        0x20000108   Data           1  hmi.o(.data)
    Msg_Status                               0x20000109   Data           1  hmi.o(.data)
    Msg_Length                               0x2000010a   Data           1  hmi.o(.data)
    Msg_Finished                             0x2000010b   Data           1  hmi.o(.data)
    Increment_HMI                            0x2000010c   Data           1  hmi.o(.data)
    Saved_Index                              0x2000010d   Data           1  hmi.o(.data)
    MSG_Intro_L                              0x2000010e   Data           1  hmi.o(.data)
    Index                                    0x2000010f   Data           1  hmi.o(.data)
    Length                                   0x20000110   Data           1  flash.o(.data)
    Address                                  0x20000112   Data           2  flash.o(.data)
    Location                                 0x20000114   Data           4  flash.o(.data)
    Offset_Value                             0x20000118   Data           4  flash.o(.data)
    Increment_Flash                          0x2000011c   Data           1  flash.o(.data)
    Test_Flash                               0x2000011e   Data           2  flash.o(.data)
    Buffer_Ptr                               0x20000120   Data           4  flash.o(.data)
    Flash_Increment_2                        0x20000124   Data           1  flash.o(.data)
    Temp                                     0x20000125   Data           1  flash.o(.data)
    Tag_Counter                              0x20000126   Data           1  flash.o(.data)
    uwTick                                   0x20000128   Data           4  stm32f1xx_hal.o(.data)
    uwTickPrio                               0x2000012c   Data           4  stm32f1xx_hal.o(.data)
    uwTickFreq                               0x20000130   Data           1  stm32f1xx_hal.o(.data)
    SystemCoreClock                          0x20000134   Data           4  system_stm32f1xx.o(.data)
    Tag                                      0x20000138   Data         125  application.o(.bss)
    Target_Tag                               0x200001b5   Data          24  application.o(.bss)
    Msg_Text                                 0x200001ce   Data          72  application.o(.bss)
    Tag_Status_Array                         0x20000216   Data          24  application.o(.bss)
    Log                                      0x2000022e   Data         225  application.o(.bss)
    Input_Array                              0x2000030f   Data          32  input_scan.o(.bss)
    Msg_DGUS_Text                            0x20000330   Data          70  dgus.o(.bss)
    rx_buff                                  0x20000376   Data          35  hmi.o(.bss)
    rx_array                                 0x20000399   Data          38  hmi.o(.bss)
    Msg_HMI                                  0x200003c0   Data          70  hmi.o(.bss)
    Buffer                                   0x20000408   Data        1024  flash.o(.bss)
    Read_Ptr_16bits                          0x20000808   Data          36  flash.o(.bss)
    Read_Data                                0x2000082c   Data          36  flash.o(.bss)
    hi2c2                                    0x20000860   Data          84  i2c.o(.bss)
    hrtc                                     0x200008b4   Data          20  rtc_1.o(.bss)
    htim1                                    0x200008c8   Data          64  tim.o(.bss)
    htim2                                    0x20000908   Data          64  tim.o(.bss)
    htim3                                    0x20000948   Data          64  tim.o(.bss)
    huart1                                   0x20000988   Data          64  usart.o(.bss)
    huart2                                   0x200009c8   Data          64  usart.o(.bss)
    hdma_usart1_rx                           0x20000a08   Data          68  usart.o(.bss)
    hdma_usart2_rx                           0x20000a4c   Data          68  usart.o(.bss)
    pFlash                                   0x20000a90   Data          32  stm32f1xx_hal_flash.o(.bss)
    __initial_sp                             0x20000eb0   Data           0  startup_stm32f103xb.o(STACK)



==============================================================================

Memory Map of the image

  Image Entry point : 0x080000ed

  Load Region LR_IROM1 (Base: 0x08000000, Size: 0x00004820, Max: 0x00010000, ABSOLUTE, COMPRESSED[0x00004764])

    Execution Region ER_IROM1 (Exec base: 0x08000000, Load base: 0x08000000, Size: 0x000046e8, Max: 0x00010000, ABSOLUTE)

    Exec Addr    Load Addr    Size         Type   Attr      Idx    E Section Name        Object

    0x08000000   0x08000000   0x000000ec   Data   RO            3    RESET               startup_stm32f103xb.o
    0x080000ec   0x080000ec   0x00000000   Code   RO         3995  * .ARM.Collect$$$$00000000  mc_w.l(entry.o)
    0x080000ec   0x080000ec   0x00000004   Code   RO         4012    .ARM.Collect$$$$00000001  mc_w.l(entry2.o)
    0x080000f0   0x080000f0   0x00000004   Code   RO         4015    .ARM.Collect$$$$00000004  mc_w.l(entry5.o)
    0x080000f4   0x080000f4   0x00000000   Code   RO         4017    .ARM.Collect$$$$00000008  mc_w.l(entry7b.o)
    0x080000f4   0x080000f4   0x00000000   Code   RO         4019    .ARM.Collect$$$$0000000A  mc_w.l(entry8b.o)
    0x080000f4   0x080000f4   0x00000008   Code   RO         4020    .ARM.Collect$$$$0000000B  mc_w.l(entry9a.o)
    0x080000fc   0x080000fc   0x00000004   Code   RO         4027    .ARM.Collect$$$$0000000E  mc_w.l(entry12b.o)
    0x08000100   0x08000100   0x00000000   Code   RO         4022    .ARM.Collect$$$$0000000F  mc_w.l(entry10a.o)
    0x08000100   0x08000100   0x00000000   Code   RO         4024    .ARM.Collect$$$$00000011  mc_w.l(entry11a.o)
    0x08000100   0x08000100   0x00000004   Code   RO         4013    .ARM.Collect$$$$00002712  mc_w.l(entry2.o)
    0x08000104   0x08000104   0x00000024   Code   RO            4    .text               startup_stm32f103xb.o
    0x08000128   0x08000128   0x00000020   Code   RO         3998    .text               mc_w.l(llushr.o)
    0x08000148   0x08000148   0x00000024   Code   RO         4000    .text               mc_w.l(memseta.o)
    0x0800016c   0x0800016c   0x00000024   Code   RO         4037    .text               mc_w.l(init.o)
    0x08000190   0x08000190   0x00000056   Code   RO         4047    .text               mc_w.l(__dczerorl2.o)
    0x080001e6   0x080001e6   0x00000002   PAD
    0x080001e8   0x080001e8   0x0000002c   Code   RO           13    i.Acknowledge       application.o
    0x08000214   0x08000214   0x0000000c   Code   RO          312    i.Alarm_On          dgus.o
    0x08000220   0x08000220   0x00000040   Code   RO           14    i.Alarm_Trip_Config  application.o
    0x08000260   0x08000260   0x00000338   Code   RO           15    i.Application       application.o
    0x08000598   0x08000598   0x00000084   Code   RO           16    i.Application_Init  application.o
    0x0800061c   0x0800061c   0x00000004   Code   RO          910    i.BusFault_Handler  stm32f1xx_it.o
    0x08000620   0x08000620   0x00000024   Code   RO          245    i.CLK_Input         input_scan.o
    0x08000644   0x08000644   0x00000188   Code   RO          246    i.Check             input_scan.o
    0x080007cc   0x080007cc   0x00000054   Code   RO          410    i.DGUS_Beep         hmi.o
    0x08000820   0x08000820   0x000000c0   Code   RO          313    i.DGUS_Check_Msg    dgus.o
    0x080008e0   0x080008e0   0x0000000e   Code   RO          314    i.DGUS_Initialization  dgus.o
    0x080008ee   0x080008ee   0x00000002   PAD
    0x080008f0   0x080008f0   0x00000098   Code   RO          411    i.DGUS_Page_Switch  hmi.o
    0x08000988   0x08000988   0x00000048   Code   RO          315    i.DGUS_RTC          dgus.o
    0x080009d0   0x080009d0   0x00000068   Code   RO          413    i.DGUS_SendVal      hmi.o
    0x08000a38   0x08000a38   0x00000010   Code   RO          911    i.DMA1_Channel5_IRQHandler  stm32f1xx_it.o
    0x08000a48   0x08000a48   0x00000010   Code   RO          912    i.DMA1_Channel6_IRQHandler  stm32f1xx_it.o
    0x08000a58   0x08000a58   0x0000002c   Code   RO         1372    i.DMA_SetConfig     stm32f1xx_hal_dma.o
    0x08000a84   0x08000a84   0x00000002   Code   RO          913    i.DebugMon_Handler  stm32f1xx_it.o
    0x08000a86   0x08000a86   0x00000012   Code   RO          414    i.Delay_Send        hmi.o
    0x08000a98   0x08000a98   0x00000010   Code   RO          247    i.Delay_ns          input_scan.o
    0x08000aa8   0x08000aa8   0x00000008   Code   RO          316    i.Edit_Mode_Page_Switch  dgus.o
    0x08000ab0   0x08000ab0   0x00000028   Code   RO          576    i.Erase             flash.o
    0x08000ad8   0x08000ad8   0x00000002   Code   RO          637    i.Error_Handler     main.o
    0x08000ada   0x08000ada   0x00000002   PAD
    0x08000adc   0x08000adc   0x00000078   Code   RO           18    i.Event_Handler     application.o
    0x08000b54   0x08000b54   0x00000028   Code   RO         1570    i.FLASH_MassErase   stm32f1xx_hal_flash_ex.o
    0x08000b7c   0x08000b7c   0x00000028   Code   RO         1579    i.FLASH_PageErase   stm32f1xx_hal_flash_ex.o
    0x08000ba4   0x08000ba4   0x00000020   Code   RO         1467    i.FLASH_Program_HalfWord  stm32f1xx_hal_flash.o
    0x08000bc4   0x08000bc4   0x00000084   Code   RO         1468    i.FLASH_SetErrorCode  stm32f1xx_hal_flash.o
    0x08000c48   0x08000c48   0x00000070   Code   RO         1469    i.FLASH_WaitForLastOperation  stm32f1xx_hal_flash.o
    0x08000cb8   0x08000cb8   0x0000011c   Code   RO          578    i.Flash_Save_Data   flash.o
    0x08000dd4   0x08000dd4   0x00000008   Code   RO          318    i.Get_Text          dgus.o
    0x08000ddc   0x08000ddc   0x00000008   Code   RO          319    i.Get_Variable      dgus.o
    0x08000de4   0x08000de4   0x000000b0   Code   RO         1374    i.HAL_DMA_Abort_IT  stm32f1xx_hal_dma.o
    0x08000e94   0x08000e94   0x0000019c   Code   RO         1378    i.HAL_DMA_IRQHandler  stm32f1xx_hal_dma.o
    0x08001030   0x08001030   0x00000068   Code   RO         1379    i.HAL_DMA_Init      stm32f1xx_hal_dma.o
    0x08001098   0x08001098   0x0000009c   Code   RO         1383    i.HAL_DMA_Start_IT  stm32f1xx_hal_dma.o
    0x08001134   0x08001134   0x00000028   Code   RO         1077    i.HAL_Delay         stm32f1xx_hal.o
    0x0800115c   0x0800115c   0x000000b0   Code   RO         1580    i.HAL_FLASHEx_Erase  stm32f1xx_hal_flash_ex.o
    0x0800120c   0x0800120c   0x00000014   Code   RO         1473    i.HAL_FLASH_Lock    stm32f1xx_hal_flash.o
    0x08001220   0x08001220   0x000000b0   Code   RO         1478    i.HAL_FLASH_Program  stm32f1xx_hal_flash.o
    0x080012d0   0x080012d0   0x00000030   Code   RO         1480    i.HAL_FLASH_Unlock  stm32f1xx_hal_flash.o
    0x08001300   0x08001300   0x0000031c   Code   RO         1679    i.HAL_GPIO_Init     stm32f1xx_hal_gpio.o
    0x0800161c   0x0800161c   0x00000010   Code   RO         1681    i.HAL_GPIO_ReadPin  stm32f1xx_hal_gpio.o
    0x0800162c   0x0800162c   0x0000000c   Code   RO         1683    i.HAL_GPIO_WritePin  stm32f1xx_hal_gpio.o
    0x08001638   0x08001638   0x0000000c   Code   RO         1081    i.HAL_GetTick       stm32f1xx_hal.o
    0x08001644   0x08001644   0x0000017c   Code   RO         1789    i.HAL_I2C_Init      stm32f1xx_hal_i2c.o
    0x080017c0   0x080017c0   0x00000078   Code   RO          725    i.HAL_I2C_MspInit   i2c.o
    0x08001838   0x08001838   0x00000018   Code   RO         1085    i.HAL_IncTick       stm32f1xx_hal.o
    0x08001850   0x08001850   0x00000028   Code   RO         1086    i.HAL_Init          stm32f1xx_hal.o
    0x08001878   0x08001878   0x0000004c   Code   RO         1087    i.HAL_InitTick      stm32f1xx_hal.o
    0x080018c4   0x080018c4   0x00000054   Code   RO         1046    i.HAL_MspInit       stm32f1xx_hal_msp.o
    0x08001918   0x08001918   0x0000001a   Code   RO         1234    i.HAL_NVIC_EnableIRQ  stm32f1xx_hal_cortex.o
    0x08001932   0x08001932   0x0000007c   Code   RO         1240    i.HAL_NVIC_SetPriority  stm32f1xx_hal_cortex.o
    0x080019ae   0x080019ae   0x00000002   PAD
    0x080019b0   0x080019b0   0x00000028   Code   RO         1241    i.HAL_NVIC_SetPriorityGrouping  stm32f1xx_hal_cortex.o
    0x080019d8   0x080019d8   0x0000000c   Code   RO         2218    i.HAL_PWR_EnableBkUpAccess  stm32f1xx_hal_pwr.o
    0x080019e4   0x080019e4   0x00000120   Code   RO         2444    i.HAL_RCCEx_GetPeriphCLKFreq  stm32f1xx_hal_rcc_ex.o
    0x08001b04   0x08001b04   0x00000130   Code   RO         2445    i.HAL_RCCEx_PeriphCLKConfig  stm32f1xx_hal_rcc_ex.o
    0x08001c34   0x08001c34   0x000001d0   Code   RO         2337    i.HAL_RCC_ClockConfig  stm32f1xx_hal_rcc.o
    0x08001e04   0x08001e04   0x0000000c   Code   RO         2342    i.HAL_RCC_GetHCLKFreq  stm32f1xx_hal_rcc.o
    0x08001e10   0x08001e10   0x00000020   Code   RO         2344    i.HAL_RCC_GetPCLK1Freq  stm32f1xx_hal_rcc.o
    0x08001e30   0x08001e30   0x00000020   Code   RO         2345    i.HAL_RCC_GetPCLK2Freq  stm32f1xx_hal_rcc.o
    0x08001e50   0x08001e50   0x00000094   Code   RO         2346    i.HAL_RCC_GetSysClockFreq  stm32f1xx_hal_rcc.o
    0x08001ee4   0x08001ee4   0x00000440   Code   RO         2349    i.HAL_RCC_OscConfig  stm32f1xx_hal_rcc.o
    0x08002324   0x08002324   0x00000052   Code   RO         2484    i.HAL_RTC_GetDate   stm32f1xx_hal_rtc.o
    0x08002376   0x08002376   0x00000104   Code   RO         2486    i.HAL_RTC_GetTime   stm32f1xx_hal_rtc.o
    0x0800247a   0x0800247a   0x00000002   PAD
    0x0800247c   0x0800247c   0x000000d0   Code   RO         2487    i.HAL_RTC_Init      stm32f1xx_hal_rtc.o
    0x0800254c   0x0800254c   0x00000040   Code   RO          767    i.HAL_RTC_MspInit   rtc_1.o
    0x0800258c   0x0800258c   0x000000f8   Code   RO         2493    i.HAL_RTC_SetDate   stm32f1xx_hal_rtc.o
    0x08002684   0x08002684   0x000000dc   Code   RO         2494    i.HAL_RTC_SetTime   stm32f1xx_hal_rtc.o
    0x08002760   0x08002760   0x00000040   Code   RO         2495    i.HAL_RTC_WaitForSynchro  stm32f1xx_hal_rtc.o
    0x080027a0   0x080027a0   0x00000034   Code   RO         1245    i.HAL_SYSTICK_Config  stm32f1xx_hal_cortex.o
    0x080027d4   0x080027d4   0x00000002   Code   RO         3397    i.HAL_TIMEx_BreakCallback  stm32f1xx_hal_tim_ex.o
    0x080027d6   0x080027d6   0x00000002   Code   RO         3398    i.HAL_TIMEx_CommutationCallback  stm32f1xx_hal_tim_ex.o
    0x080027d8   0x080027d8   0x00000062   Code   RO         3414    i.HAL_TIMEx_MasterConfigSynchronization  stm32f1xx_hal_tim_ex.o
    0x0800283a   0x0800283a   0x00000034   Code   RO         2758    i.HAL_TIM_Base_Init  stm32f1xx_hal_tim.o
    0x0800286e   0x0800286e   0x00000002   PAD
    0x08002870   0x08002870   0x000000e4   Code   RO          809    i.HAL_TIM_Base_MspInit  tim.o
    0x08002954   0x08002954   0x0000001e   Code   RO         2763    i.HAL_TIM_Base_Start_IT  stm32f1xx_hal_tim.o
    0x08002972   0x08002972   0x00000132   Code   RO         2767    i.HAL_TIM_ConfigClockSource  stm32f1xx_hal_tim.o
    0x08002aa4   0x08002aa4   0x00000002   Code   RO         2787    i.HAL_TIM_IC_CaptureCallback  stm32f1xx_hal_tim.o
    0x08002aa6   0x08002aa6   0x00000196   Code   RO         2800    i.HAL_TIM_IRQHandler  stm32f1xx_hal_tim.o
    0x08002c3c   0x08002c3c   0x00000002   Code   RO         2803    i.HAL_TIM_OC_DelayElapsedCallback  stm32f1xx_hal_tim.o
    0x08002c3e   0x08002c3e   0x00000002   Code   RO         2830    i.HAL_TIM_PWM_PulseFinishedCallback  stm32f1xx_hal_tim.o
    0x08002c40   0x08002c40   0x0000007c   Code   RO           19    i.HAL_TIM_PeriodElapsedCallback  application.o
    0x08002cbc   0x08002cbc   0x00000002   Code   RO         2841    i.HAL_TIM_TriggerCallback  stm32f1xx_hal_tim.o
    0x08002cbe   0x08002cbe   0x00000002   Code   RO         3651    i.HAL_UART_ErrorCallback  stm32f1xx_hal_uart.o
    0x08002cc0   0x08002cc0   0x0000014c   Code   RO         3654    i.HAL_UART_IRQHandler  stm32f1xx_hal_uart.o
    0x08002e0c   0x08002e0c   0x00000072   Code   RO         3655    i.HAL_UART_Init     stm32f1xx_hal_uart.o
    0x08002e7e   0x08002e7e   0x00000002   PAD
    0x08002e80   0x08002e80   0x000001a4   Code   RO          863    i.HAL_UART_MspInit  usart.o
    0x08003024   0x08003024   0x000000c4   Code   RO         3659    i.HAL_UART_Receive_DMA  stm32f1xx_hal_uart.o
    0x080030e8   0x080030e8   0x0000000c   Code   RO          415    i.HAL_UART_RxCpltCallback  hmi.o
    0x080030f4   0x080030f4   0x00000002   Code   RO         3662    i.HAL_UART_RxHalfCpltCallback  stm32f1xx_hal_uart.o
    0x080030f6   0x080030f6   0x000000d6   Code   RO         3663    i.HAL_UART_Transmit  stm32f1xx_hal_uart.o
    0x080031cc   0x080031cc   0x00000058   Code   RO         3665    i.HAL_UART_Transmit_IT  stm32f1xx_hal_uart.o
    0x08003224   0x08003224   0x00000002   Code   RO         3666    i.HAL_UART_TxCpltCallback  stm32f1xx_hal_uart.o
    0x08003226   0x08003226   0x00000002   PAD
    0x08003228   0x08003228   0x00000158   Code   RO          416    i.HMI_Check_Msg     hmi.o
    0x08003380   0x08003380   0x00000018   Code   RO          417    i.HMI_Init          hmi.o
    0x08003398   0x08003398   0x00000010   Code   RO          320    i.HMI_Status        dgus.o
    0x080033a8   0x080033a8   0x00000004   Code   RO          914    i.HardFault_Handler  stm32f1xx_it.o
    0x080033ac   0x080033ac   0x00000054   Code   RO          248    i.Input_Scan        input_scan.o
    0x08003400   0x08003400   0x00000138   Code   RO          579    i.Load_Address_Location  flash.o
    0x08003538   0x08003538   0x0000012c   Code   RO          249    i.MAP               input_scan.o
    0x08003664   0x08003664   0x00000044   Code   RO          700    i.MX_DMA_Init       dma.o
    0x080036a8   0x080036a8   0x000000c4   Code   RO          676    i.MX_GPIO_Init      gpio.o
    0x0800376c   0x0800376c   0x0000003c   Code   RO          726    i.MX_I2C2_Init      i2c.o
    0x080037a8   0x080037a8   0x00000078   Code   RO          768    i.MX_RTC_Init       rtc_1.o
    0x08003820   0x08003820   0x00000070   Code   RO          810    i.MX_TIM1_Init      tim.o
    0x08003890   0x08003890   0x00000070   Code   RO          811    i.MX_TIM2_Init      tim.o
    0x08003900   0x08003900   0x0000006c   Code   RO          812    i.MX_TIM3_Init      tim.o
    0x0800396c   0x0800396c   0x00000038   Code   RO          864    i.MX_USART1_UART_Init  usart.o
    0x080039a4   0x080039a4   0x00000038   Code   RO          865    i.MX_USART2_UART_Init  usart.o
    0x080039dc   0x080039dc   0x00000004   Code   RO          915    i.MemManage_Handler  stm32f1xx_it.o
    0x080039e0   0x080039e0   0x0000002c   Code   RO           20    i.Mute              application.o
    0x08003a0c   0x08003a0c   0x00000002   Code   RO          916    i.NMI_Handler       stm32f1xx_it.o
    0x08003a0e   0x08003a0e   0x00000002   PAD
    0x08003a10   0x08003a10   0x00000010   Code   RO         1247    i.NVIC_GetPriorityGrouping  stm32f1xx_hal_cortex.o
    0x08003a20   0x08003a20   0x00000028   Code   RO         1248    i.NVIC_SetPriority  stm32f1xx_hal_cortex.o
    0x08003a48   0x08003a48   0x00000018   Code   RO           21    i.Password_Verification  application.o
    0x08003a60   0x08003a60   0x00000002   Code   RO          917    i.PendSV_Handler    stm32f1xx_it.o
    0x08003a62   0x08003a62   0x00000002   PAD
    0x08003a64   0x08003a64   0x00000028   Code   RO         2350    i.RCC_Delay         stm32f1xx_hal_rcc.o
    0x08003a8c   0x08003a8c   0x00000058   Code   RO          418    i.RESET_Buff        hmi.o
    0x08003ae4   0x08003ae4   0x00000016   Code   RO         2496    i.RTC_Bcd2ToByte    stm32f1xx_hal_rtc.o
    0x08003afa   0x08003afa   0x0000001a   Code   RO         2497    i.RTC_ByteToBcd2    stm32f1xx_hal_rtc.o
    0x08003b14   0x08003b14   0x000000b6   Code   RO         2498    i.RTC_DateUpdate    stm32f1xx_hal_rtc.o
    0x08003bca   0x08003bca   0x0000003a   Code   RO         2499    i.RTC_EnterInitMode  stm32f1xx_hal_rtc.o
    0x08003c04   0x08003c04   0x0000003a   Code   RO         2500    i.RTC_ExitInitMode  stm32f1xx_hal_rtc.o
    0x08003c3e   0x08003c3e   0x00000032   Code   RO         2501    i.RTC_IsLeapYear    stm32f1xx_hal_rtc.o
    0x08003c70   0x08003c70   0x0000005c   Code   RO           23    i.RTC_Loop          application.o
    0x08003ccc   0x08003ccc   0x00000018   Code   RO         2502    i.RTC_ReadAlarmCounter  stm32f1xx_hal_rtc.o
    0x08003ce4   0x08003ce4   0x00000034   Code   RO         2503    i.RTC_ReadTimeCounter  stm32f1xx_hal_rtc.o
    0x08003d18   0x08003d18   0x00000084   Code   RO         2504    i.RTC_WeekDayNum    stm32f1xx_hal_rtc.o
    0x08003d9c   0x08003d9c   0x0000002e   Code   RO         2505    i.RTC_WriteAlarmCounter  stm32f1xx_hal_rtc.o
    0x08003dca   0x08003dca   0x0000002e   Code   RO         2506    i.RTC_WriteTimeCounter  stm32f1xx_hal_rtc.o
    0x08003df8   0x08003df8   0x00000030   Code   RO           24    i.Reset             application.o
    0x08003e28   0x08003e28   0x00000024   Code   RO          250    i.SH_LD_Trigger     input_scan.o
    0x08003e4c   0x08003e4c   0x00000002   Code   RO          918    i.SVC_Handler       stm32f1xx_it.o
    0x08003e4e   0x08003e4e   0x00000002   PAD
    0x08003e50   0x08003e50   0x00000020   Code   RO          419    i.Safety_Condition  hmi.o
    0x08003e70   0x08003e70   0x00000064   Code   RO          580    i.Save_Buffer_Into_Flash  flash.o
    0x08003ed4   0x08003ed4   0x00000058   Code   RO          581    i.Save_Flash_Into_Buffer  flash.o
    0x08003f2c   0x08003f2c   0x00000008   Code   RO          251    i.Shift_Reg         input_scan.o
    0x08003f34   0x08003f34   0x00000008   Code   RO          919    i.SysTick_Handler   stm32f1xx_it.o
    0x08003f3c   0x08003f3c   0x00000088   Code   RO          638    i.SystemClock_Config  main.o
    0x08003fc4   0x08003fc4   0x00000058   Code   RO         3962    i.SystemInit        system_stm32f1xx.o
    0x0800401c   0x0800401c   0x00000010   Code   RO          920    i.TIM1_BRK_IRQHandler  stm32f1xx_it.o
    0x0800402c   0x0800402c   0x00000010   Code   RO          921    i.TIM1_CC_IRQHandler  stm32f1xx_it.o
    0x0800403c   0x0800403c   0x00000010   Code   RO          922    i.TIM1_TRG_COM_IRQHandler  stm32f1xx_it.o
    0x0800404c   0x0800404c   0x00000010   Code   RO          923    i.TIM1_UP_IRQHandler  stm32f1xx_it.o
    0x0800405c   0x0800405c   0x00000010   Code   RO          924    i.TIM2_IRQHandler   stm32f1xx_it.o
    0x0800406c   0x0800406c   0x00000010   Code   RO          925    i.TIM3_IRQHandler   stm32f1xx_it.o
    0x0800407c   0x0800407c   0x00000074   Code   RO         2842    i.TIM_Base_SetConfig  stm32f1xx_hal_tim.o
    0x080040f0   0x080040f0   0x00000018   Code   RO         2849    i.TIM_ETR_SetConfig  stm32f1xx_hal_tim.o
    0x08004108   0x08004108   0x00000014   Code   RO         2850    i.TIM_ITRx_SetConfig  stm32f1xx_hal_tim.o
    0x0800411c   0x0800411c   0x0000002a   Code   RO         2856    i.TIM_TI1_ConfigInputStage  stm32f1xx_hal_tim.o
    0x08004146   0x08004146   0x0000002c   Code   RO         2858    i.TIM_TI2_ConfigInputStage  stm32f1xx_hal_tim.o
    0x08004172   0x08004172   0x00000002   PAD
    0x08004174   0x08004174   0x00000048   Code   RO           25    i.Test              application.o
    0x080041bc   0x080041bc   0x0000002a   Code   RO          321    i.Test_Tags_DGUS    dgus.o
    0x080041e6   0x080041e6   0x00000014   Code   RO         3668    i.UART_DMAAbortOnError  stm32f1xx_hal_uart.o
    0x080041fa   0x080041fa   0x00000050   Code   RO         3669    i.UART_DMAError     stm32f1xx_hal_uart.o
    0x0800424a   0x0800424a   0x00000046   Code   RO         3670    i.UART_DMAReceiveCplt  stm32f1xx_hal_uart.o
    0x08004290   0x08004290   0x0000000e   Code   RO         3672    i.UART_DMARxHalfCplt  stm32f1xx_hal_uart.o
    0x0800429e   0x0800429e   0x00000020   Code   RO         3678    i.UART_EndRxTransfer  stm32f1xx_hal_uart.o
    0x080042be   0x080042be   0x00000020   Code   RO         3679    i.UART_EndTransmit_IT  stm32f1xx_hal_uart.o
    0x080042de   0x080042de   0x00000014   Code   RO         3680    i.UART_EndTxTransfer  stm32f1xx_hal_uart.o
    0x080042f2   0x080042f2   0x000000a6   Code   RO         3681    i.UART_Receive_IT   stm32f1xx_hal_uart.o
    0x08004398   0x08004398   0x000001c8   Code   RO         3682    i.UART_SetConfig    stm32f1xx_hal_uart.o
    0x08004560   0x08004560   0x00000068   Code   RO         3683    i.UART_Transmit_IT  stm32f1xx_hal_uart.o
    0x080045c8   0x080045c8   0x0000006c   Code   RO         3684    i.UART_WaitOnFlagUntilTimeout  stm32f1xx_hal_uart.o
    0x08004634   0x08004634   0x00000010   Code   RO          926    i.USART1_IRQHandler  stm32f1xx_it.o
    0x08004644   0x08004644   0x00000010   Code   RO          927    i.USART2_IRQHandler  stm32f1xx_it.o
    0x08004654   0x08004654   0x00000004   Code   RO          928    i.UsageFault_Handler  stm32f1xx_it.o
    0x08004658   0x08004658   0x0000000e   Code   RO         4041    i.__scatterload_copy  mc_w.l(handlers.o)
    0x08004666   0x08004666   0x00000002   Code   RO         4042    i.__scatterload_null  mc_w.l(handlers.o)
    0x08004668   0x08004668   0x0000000e   Code   RO         4043    i.__scatterload_zeroinit  mc_w.l(handlers.o)
    0x08004676   0x08004676   0x00000038   Code   RO          639    i.main              main.o
    0x080046ae   0x080046ae   0x00000018   Data   RO         3963    .constdata          system_stm32f1xx.o
    0x080046c6   0x080046c6   0x00000002   PAD
    0x080046c8   0x080046c8   0x00000020   Data   RO         4039    Region$$Table       anon$$obj.o


    Execution Region RW_IRAM1 (Exec base: 0x20000000, Load base: 0x080046e8, Size: 0x00000eb0, Max: 0x00005000, ABSOLUTE, COMPRESSED[0x0000007c])

    Exec Addr    Load Addr    Size         Type   Attr      Idx    E Section Name        Object

    0x20000000   COMPRESSED   0x000000cf   Data   RW           27    .data               application.o
    0x200000cf   COMPRESSED   0x00000005   Data   RW          253    .data               input_scan.o
    0x200000d4   COMPRESSED   0x00000030   Data   RW          323    .data               dgus.o
    0x20000104   COMPRESSED   0x0000000c   Data   RW          422    .data               hmi.o
    0x20000110   COMPRESSED   0x00000017   Data   RW          583    .data               flash.o
    0x20000127   COMPRESSED   0x00000001   PAD
    0x20000128   COMPRESSED   0x00000009   Data   RW         1093    .data               stm32f1xx_hal.o
    0x20000131   COMPRESSED   0x00000003   PAD
    0x20000134   COMPRESSED   0x00000004   Data   RW         3964    .data               system_stm32f1xx.o
    0x20000138        -       0x000001d7   Zero   RW           26    .bss                application.o
    0x2000030f        -       0x00000020   Zero   RW          252    .bss                input_scan.o
    0x2000032f   COMPRESSED   0x00000001   PAD
    0x20000330        -       0x00000046   Zero   RW          322    .bss                dgus.o
    0x20000376        -       0x00000090   Zero   RW          421    .bss                hmi.o
    0x20000406   COMPRESSED   0x00000002   PAD
    0x20000408        -       0x00000458   Zero   RW          582    .bss                flash.o
    0x20000860        -       0x00000054   Zero   RW          727    .bss                i2c.o
    0x200008b4        -       0x00000014   Zero   RW          769    .bss                rtc_1.o
    0x200008c8        -       0x000000c0   Zero   RW          813    .bss                tim.o
    0x20000988        -       0x00000108   Zero   RW          866    .bss                usart.o
    0x20000a90        -       0x00000020   Zero   RW         1481    .bss                stm32f1xx_hal_flash.o
    0x20000ab0        -       0x00000400   Zero   RW            1    STACK               startup_stm32f103xb.o


==============================================================================

Image component sizes


      Code (inc. data)   RO Data    RW Data    ZI Data      Debug   Object Name

      1588        206          0        207        471     460876   application.o
       372         50          0         48         70       7032   dgus.o
        68          4          0          0          0        758   dma.o
       824        118          0         23       1112       4125   flash.o
       196         12          0          0          0        935   gpio.o
       858         70          0         12        144       6014   hmi.o
       180         26          0          0         84       1621   i2c.o
       872        110          0          5         32       4737   input_scan.o
       194          0          0          0          0       1576   main.o
       184         22          0          0         20       1603   rtc_1.o
        36          8        236          0       1024        816   startup_stm32f103xb.o
       192         36          0          9          0       5957   stm32f1xx_hal.o
       298         22          0          0          0      26287   stm32f1xx_hal_cortex.o
       892         12          0          0          0       4246   stm32f1xx_hal_dma.o
       520         48          0          0         32       4222   stm32f1xx_hal_flash.o
       256         26          0          0          0       2587   stm32f1xx_hal_flash_ex.o
       824         32          0          0          0       3331   stm32f1xx_hal_gpio.o
       380         18          0          0          0       1923   stm32f1xx_hal_i2c.o
        84          8          0          0          0        894   stm32f1xx_hal_msp.o
        12          4          0          0          0        523   stm32f1xx_hal_pwr.o
      1816        108          0          0          0       6036   stm32f1xx_hal_rcc.o
       592         48          0          0          0       2429   stm32f1xx_hal_rcc_ex.o
      1778         18          0          0          0      13036   stm32f1xx_hal_rtc.o
      1048         14          0          0          0       9147   stm32f1xx_hal_tim.o
       102          0          0          0          0       2282   stm32f1xx_hal_tim_ex.o
      2052         26          0          0          0      13317   stm32f1xx_hal_uart.o
       192         60          0          0          0       8682   stm32f1xx_it.o
        88         18         24          4          0       1199   system_stm32f1xx.o
       560         36          0          0        192       3044   tim.o
       532         60          0          0        264       2573   usart.o

    ----------------------------------------------------------------------
     17612       1220        294        312       3448     601808   Object Totals
         0          0         32          0          0          0   (incl. Generated)
        22          0          2          4          3          0   (incl. Padding)

    ----------------------------------------------------------------------

      Code (inc. data)   RO Data    RW Data    ZI Data      Debug   Library Member Name

        86          0          0          0          0          0   __dczerorl2.o
         0          0          0          0          0          0   entry.o
         0          0          0          0          0          0   entry10a.o
         0          0          0          0          0          0   entry11a.o
         4          0          0          0          0          0   entry12b.o
         8          4          0          0          0          0   entry2.o
         4          0          0          0          0          0   entry5.o
         0          0          0          0          0          0   entry7b.o
         0          0          0          0          0          0   entry8b.o
         8          4          0          0          0          0   entry9a.o
        30          0          0          0          0          0   handlers.o
        36          8          0          0          0         68   init.o
        32          0          0          0          0         68   llushr.o
        36          0          0          0          0        108   memseta.o

    ----------------------------------------------------------------------
       246         16          0          0          0        244   Library Totals
         2          0          0          0          0          0   (incl. Padding)

    ----------------------------------------------------------------------

      Code (inc. data)   RO Data    RW Data    ZI Data      Debug   Library Name

       244         16          0          0          0        244   mc_w.l

    ----------------------------------------------------------------------
       246         16          0          0          0        244   Library Totals

    ----------------------------------------------------------------------

==============================================================================


      Code (inc. data)   RO Data    RW Data    ZI Data      Debug   

     17858       1236        294        312       3448     593756   Grand Totals
     17858       1236        294        124       3448     593756   ELF Image Totals (compressed)
     17858       1236        294        124          0          0   ROM Totals

==============================================================================

    Total RO  Size (Code + RO Data)                18152 (  17.73kB)
    Total RW  Size (RW Data + ZI Data)              3760 (   3.67kB)
    Total ROM Size (Code + RO Data + RW Data)      18276 (  17.85kB)

==============================================================================

